Archive member included to satisfy reference by file (symbol)

/opt/devkitpro/libctru/lib/libcitro2d.a(base.o)
                              main.o (C2D_Init)
/opt/devkitpro/libctru/lib/libcitro2d.a(text.o)
                              main.o (C2D_TextBufNew)
/opt/devkitpro/libctru/lib/libcitro2d.a(render2d_shbin.o)
                              /opt/devkitpro/libctru/lib/libcitro2d.a(base.o) (render2d_shbin)
/opt/devkitpro/libctru/lib/libcitro2d.a(font.o)
                              /opt/devkitpro/libctru/lib/libcitro2d.a(text.o) (C2D_FontGlyphIndexFromCodePoint)
/opt/devkitpro/libctru/lib/libcitro3d.a(attribs.o)
                              /opt/devkitpro/libctru/lib/libcitro2d.a(base.o) (AttrInfo_Init)
/opt/devkitpro/libctru/lib/libcitro3d.a(base.o)
                              /opt/devkitpro/libctru/lib/libcitro3d.a(attribs.o) (__C3D_Context)
/opt/devkitpro/libctru/lib/libcitro3d.a(buffers.o)
                              /opt/devkitpro/libctru/lib/libcitro2d.a(base.o) (BufInfo_Init)
/opt/devkitpro/libctru/lib/libcitro3d.a(drawElements.o)
                              /opt/devkitpro/libctru/lib/libcitro2d.a(base.o) (C3D_DrawElements)
/opt/devkitpro/libctru/lib/libcitro3d.a(effect.o)
                              /opt/devkitpro/libctru/lib/libcitro3d.a(base.o) (C3D_DepthMap)
/opt/devkitpro/libctru/lib/libcitro3d.a(framebuffer.o)
                              /opt/devkitpro/libctru/lib/libcitro3d.a(base.o) (C3Di_FrameBufBind)
/opt/devkitpro/libctru/lib/libcitro3d.a(immediate.o)
                              /opt/devkitpro/libctru/lib/libcitro3d.a(base.o) (C3D_ImmSendAttrib)
/opt/devkitpro/libctru/lib/libcitro3d.a(proctex.o)
                              /opt/devkitpro/libctru/lib/libcitro2d.a(base.o) (C3D_ProcTexInit)
/opt/devkitpro/libctru/lib/libcitro3d.a(renderqueue.o)
                              /opt/devkitpro/libctru/lib/libcitro3d.a(base.o) (C3Di_RenderQueueEnableVBlank)
/opt/devkitpro/libctru/lib/libcitro3d.a(texenv.o)
                              /opt/devkitpro/libctru/lib/libcitro2d.a(base.o) (C3D_GetTexEnv)
/opt/devkitpro/libctru/lib/libcitro3d.a(texture.o)
                              /opt/devkitpro/libctru/lib/libcitro2d.a(base.o) (C3D_TexBind)
/opt/devkitpro/libctru/lib/libcitro3d.a(uniforms.o)
                              /opt/devkitpro/libctru/lib/libcitro3d.a(base.o) (C3D_UpdateUniforms)
/opt/devkitpro/libctru/lib/libcitro3d.a(mtx_multiply.o)
                              /opt/devkitpro/libctru/lib/libcitro2d.a(base.o) (Mtx_Multiply)
/opt/devkitpro/libctru/lib/libcitro3d.a(mtx_ortho.o)
                              /opt/devkitpro/libctru/lib/libcitro2d.a(base.o) (Mtx_Ortho)
/opt/devkitpro/libctru/lib/libcitro3d.a(mtx_orthotilt.o)
                              /opt/devkitpro/libctru/lib/libcitro2d.a(base.o) (Mtx_OrthoTilt)
/opt/devkitpro/libctru/lib/libcitro3d.a(mtx_rotatez.o)
                              /opt/devkitpro/libctru/lib/libcitro2d.a(base.o) (Mtx_RotateZ)
/opt/devkitpro/libctru/lib/libcitro3d.a(mtx_scale.o)
                              /opt/devkitpro/libctru/lib/libcitro2d.a(base.o) (Mtx_Scale)
/opt/devkitpro/libctru/lib/libcitro3d.a(mtx_translate.o)
                              /opt/devkitpro/libctru/lib/libcitro2d.a(base.o) (Mtx_Translate)
/opt/devkitpro/libctru/lib/libctru.a(linear.o)
                              /opt/devkitpro/libctru/lib/libcitro2d.a(base.o) (linearAlloc)
/opt/devkitpro/libctru/lib/libctru.a(mem_pool.o)
                              /opt/devkitpro/libctru/lib/libctru.a(linear.o) (_ZN7MemPool8AllocateER8MemChunkmi)
/opt/devkitpro/libctru/lib/libctru.a(vram.o)
                              /opt/devkitpro/libctru/lib/libcitro3d.a(renderqueue.o) (vramAlloc)
/opt/devkitpro/libctru/lib/libctru.a(font.o)
                              /opt/devkitpro/libctru/lib/libcitro2d.a(text.o) (fontEnsureMapped)
/opt/devkitpro/libctru/lib/libctru.a(gfx.o)
                              /opt/devkitpro/libctru/lib/libcitro2d.a(base.o) (gfxIsWide)
/opt/devkitpro/libctru/lib/libctru.a(os.o)
                              /opt/devkitpro/libctru/lib/libcitro3d.a(buffers.o) (osConvertVirtToPhys)
/opt/devkitpro/libctru/lib/libctru.a(romfs_dev.o)
                              /opt/devkitpro/libctru/lib/libcitro2d.a(font.o) (romfsMountFromTitle)
/opt/devkitpro/libctru/lib/libctru.a(gpu.o)
                              /opt/devkitpro/libctru/lib/libcitro3d.a(renderqueue.o) (gpuCmdBuf)
/opt/devkitpro/libctru/lib/libctru.a(gx.o)
                              /opt/devkitpro/libctru/lib/libcitro3d.a(renderqueue.o) (GX_BindQueue)
/opt/devkitpro/libctru/lib/libctru.a(gxqueue.o)
                              /opt/devkitpro/libctru/lib/libcitro3d.a(renderqueue.o) (gxCmdQueueClear)
/opt/devkitpro/libctru/lib/libctru.a(shaderProgram.o)
                              /opt/devkitpro/libctru/lib/libcitro2d.a(base.o) (shaderInstanceGetUniformLocation)
/opt/devkitpro/libctru/lib/libctru.a(shbin.o)
                              /opt/devkitpro/libctru/lib/libcitro2d.a(base.o) (DVLB_ParseFile)
[...]
Memory Configuration

Name             Origin             Length             Attributes
*default*        0x00000000         0xffffffff

Linker script and memory map

                0x00000000                        __sync_synchronize = __sync_synchronize_dmb
                0x00100000                        PROVIDE (__start__ = 0x100000)
                0x00100000                        . = __start__

.text           0x00100000    0x28b58
 *(.crt0)
 .crt0          0x00100000       0x94 /opt/devkitpro/devkitARM/lib/gcc/arm-none-eabi/15.2.0/../../../../arm-none-eabi/lib/armv6k/fpu/3dsx_crt0.o
                0x00100000                _start
                0x00100008                __service_ptr
                0x0010000c                __apt_appid
                0x00100010                __heap_size
                0x00100014                __linear_heap_size
                0x00100018                __system_arglist
                0x0010001c                __system_runflags
 *(.init)
 .init          0x00100094        0xc /opt/devkitpro/devkitARM/lib/gcc/arm-none-eabi/15.2.0/armv6k/fpu/crti.o
                0x00100094                _init
 .init          0x001000a0        0xc /opt/devkitpro/devkitARM/lib/gcc/arm-none-eabi/15.2.0/armv6k/fpu/crtn.o
                0x001000ac                        . = ALIGN (0x4)
 *(.text)
 .text          0x001000ac      0x20c /opt/devkitpro/devkitARM/lib/gcc/arm-none-eabi/15.2.0/armv6k/fpu/libgcc.a(_udivsi3.o)
                0x001000ac                __udivsi3
                0x001000ac                __aeabi_uidiv
                0x00100298                __aeabi_uidivmod
 .text          0x001002b8      0x240 /opt/devkitpro/devkitARM/lib/gcc/arm-none-eabi/15.2.0/armv6k/fpu/libgcc.a(_divsi3.o)
                0x001002b8                __aeabi_idiv
                0x001002b8                __divsi3
                0x001004d8                __aeabi_idivmod
 .text          0x001004f8        0x4 /opt/devkitpro/devkitARM/lib/gcc/arm-none-eabi/15.2.0/armv6k/fpu/libgcc.a(_dvmd_tls.o)
                0x001004f8                __aeabi_ldiv0
                0x001004f8                __aeabi_idiv0
 .text          0x001004fc      0x3c0 /opt/devkitpro/devkitARM/lib/gcc/arm-none-eabi/15.2.0/armv6k/fpu/libgcc.a(_arm_addsubdf3.o)
                0x001004fc                __aeabi_drsub
                0x00100504                __subdf3
                0x00100504                __aeabi_dsub
                0x00100508                __aeabi_dadd
                0x00100508                __adddf3
                0x001007b4                __aeabi_ui2d
                0x001007b4                __floatunsidf
                0x001007d8                __floatsidf
                0x001007d8                __aeabi_i2d
                0x00100800                __extendsfdf2
                0x00100800                __aeabi_f2d
                0x00100848                __aeabi_ul2d
                0x00100848                __floatundidf
                0x0010085c                __aeabi_l2d
                0x0010085c                __floatdidf
 .text          0x001008bc       0xd4 /opt/devkitpro/devkitARM/lib/gcc/arm-none-eabi/15.2.0/armv6k/fpu/libgcc.a(_aeabi_ldivmod.o)
                0x001008bc                __aeabi_ldivmod
 .text          0x00100990       0x3c /opt/devkitpro/devkitARM/lib/gcc/arm-none-eabi/15.2.0/armv6k/fpu/libgcc.a(_aeabi_uldivmod.o)
                0x00100990                __aeabi_uldivmod
 *fill*         0x001009cc       0x14 
 .text          0x001009e0      0x390 /opt/devkitpro/devkitARM/lib/gcc/arm-none-eabi/15.2.0/../../../../arm-none-eabi/lib/armv6k/fpu/libg.a(libc_a-strcmp.o)
                0x001009e8                strcmp
 *(.text.*)
 .text.__do_global_dtors_aux
                0x00100d70       0x50 /opt/devkitpro/devkitARM/lib/gcc/arm-none-eabi/15.2.0/armv6k/fpu/crtbegin.o
 .text.frame_dummy
                0x00100dc0       0x2c /opt/devkitpro/devkitARM/lib/gcc/arm-none-eabi/15.2.0/armv6k/fpu/crtbegin.o
 .text.updatePlane
                0x00100dec      0x2b4 main.o
 .text.initSingleEmber
                0x001010a0      0x220 main.o
 .text.initSingleShoot
                0x001012c0      0x1c4 main.o
 .text.saveSettings
                0x00101484       0x70 main.o
 .text.saveRecords
                0x001014f4       0x68 main.o
 .text.spawnPlane.part.0
                0x0010155c      0x110 main.o
 .text.drawPlane.part.0
                0x0010166c      0x39c main.o
 .text.drawBottomScreen
                0x00101a08     0x121c main.o
 *fill*         0x00102c24        0x4 
 .text.startup.main
                0x00102c28     0x28c8 main.o
                0x00102c28                main
 .text.C2Di_FrameEndHook
                0x001054f0       0x44 /opt/devkitpro/libctru/lib/libcitro2d.a(base.o)
 .text.C2D_Init
                0x00105534      0x368 /opt/devkitpro/libctru/lib/libcitro2d.a(base.o)
                0x00105534                C2D_Init
 .text.C2D_Fini
                0x0010589c       0x4c /opt/devkitpro/libctru/lib/libcitro2d.a(base.o)
                0x0010589c                C2D_Fini
 .text.C2D_Prepare
                0x001058e8       0xbc /opt/devkitpro/libctru/lib/libcitro2d.a(base.o)
                0x001058e8                C2D_Prepare
 .text.C2D_Flush
                0x001059a4       0x48 /opt/devkitpro/libctru/lib/libcitro2d.a(base.o)
                0x001059a4                C2D_Flush
 .text.C2D_SceneSize
                0x001059ec       0xfc /opt/devkitpro/libctru/lib/libcitro2d.a(base.o)
                0x001059ec                C2D_SceneSize
 .text.C2D_CreateScreenTarget
                0x00105ae8       0x60 /opt/devkitpro/libctru/lib/libcitro2d.a(base.o)
                0x00105ae8                C2D_CreateScreenTarget
 .text.C2D_TargetClear
                0x00105b48       0x60 /opt/devkitpro/libctru/lib/libcitro2d.a(base.o)
                0x00105b48                C2D_TargetClear
 .text.C2Di_AppendQuad
                0x00105ba8       0x54 /opt/devkitpro/libctru/lib/libcitro2d.a(base.o)
                0x00105ba8                C2Di_AppendQuad
 .text.C2Di_AppendVtx
                0x00105bfc       0x40 /opt/devkitpro/libctru/lib/libcitro2d.a(base.o)
                0x00105bfc                C2Di_AppendVtx
 .text.C2Di_Update
                0x00105c3c      0x738 /opt/devkitpro/libctru/lib/libcitro2d.a(base.o)
                0x00105c3c                C2Di_Update
 .text.C2D_DrawLine
                0x00106374      0x1e0 /opt/devkitpro/libctru/lib/libcitro2d.a(base.o)
                0x00106374                C2D_DrawLine
 .text.C2D_DrawRectangle
                0x00106554      0x168 /opt/devkitpro/libctru/lib/libcitro2d.a(base.o)
                0x00106554                C2D_DrawRectangle
 .text.C2D_DrawEllipse
                0x001066bc      0x174 /opt/devkitpro/libctru/lib/libcitro2d.a(base.o)
                0x001066bc                C2D_DrawEllipse
 .text.C2Di_GlyphComp
                0x00106830       0x18 /opt/devkitpro/libctru/lib/libcitro2d.a(text.o)
 .text.C2Di_CalcLineWidths
                0x00106848      0x180 /opt/devkitpro/libctru/lib/libcitro2d.a(text.o)
 .text.C2D_TextBufNew
                0x001069c8      0x1d0 /opt/devkitpro/libctru/lib/libcitro2d.a(text.o)
                0x001069c8                C2D_TextBufNew
 .text.C2D_TextBufDelete
                0x00106b98        0x4 /opt/devkitpro/libctru/lib/libcitro2d.a(text.o)
                0x00106b98                C2D_TextBufDelete
 .text.C2D_TextBufClear
                0x00106b9c        0xc /opt/devkitpro/libctru/lib/libcitro2d.a(text.o)
                0x00106b9c                C2D_TextBufClear
 .text.C2D_TextFontParseLine
                0x00106ba8      0x1c4 /opt/devkitpro/libctru/lib/libcitro2d.a(text.o)
                0x00106ba8                C2D_TextFontParseLine
 .text.C2D_TextFontParse
                0x00106d6c       0xa4 /opt/devkitpro/libctru/lib/libcitro2d.a(text.o)
                0x00106d6c                C2D_TextFontParse
 .text.C2D_TextParse
                0x00106e10       0x10 /opt/devkitpro/libctru/lib/libcitro2d.a(text.o)
                0x00106e10                C2D_TextParse
 .text.C2D_TextOptimize
                0x00106e20       0x30 /opt/devkitpro/libctru/lib/libcitro2d.a(text.o)
                0x00106e20                C2D_TextOptimize
 .text.C2D_TextGetDimensions
                0x00106e50       0xe8 /opt/devkitpro/libctru/lib/libcitro2d.a(text.o)
                0x00106e50                C2D_TextGetDimensions
 .text.C2D_DrawText
                0x00106f38      0xfdc /opt/devkitpro/libctru/lib/libcitro2d.a(text.o)
                0x00106f38                C2D_DrawText
 .text.C2D_FontGlyphIndexFromCodePoint
                0x00107f14       0x50 /opt/devkitpro/libctru/lib/libcitro2d.a(font.o)
                0x00107f14                C2D_FontGlyphIndexFromCodePoint
 .text.C2D_FontCalcGlyphPos
                0x00107f64       0x74 /opt/devkitpro/libctru/lib/libcitro2d.a(font.o)
                0x00107f64                C2D_FontCalcGlyphPos
 .text.AttrInfo_Init
                0x00107fd8       0x28 /opt/devkitpro/libctru/lib/libcitro3d.a(attribs.o)
                0x00107fd8                AttrInfo_Init
 .text.AttrInfo_AddLoader
                0x00108000       0x94 /opt/devkitpro/libctru/lib/libcitro3d.a(attribs.o)
                0x00108000                AttrInfo_AddLoader
 .text.C3D_SetAttrInfo
                0x00108094       0x54 /opt/devkitpro/libctru/lib/libcitro3d.a(attribs.o)
                0x00108094                C3D_SetAttrInfo
 .text.C3Di_AttrInfoBind
                0x001080e8       0x80 /opt/devkitpro/libctru/lib/libcitro3d.a(attribs.o)
                0x001080e8                C3Di_AttrInfoBind
 .text.C3Di_LightEnvUpdate
                0x00108168        0x4 /opt/devkitpro/libctru/lib/libcitro3d.a(base.o)
                0x00108168                C3Di_LightEnvUpdate
 .text.C3Di_LightEnvDirty
                0x0010816c        0x4 /opt/devkitpro/libctru/lib/libcitro3d.a(base.o)
                0x0010816c                C3Di_LightEnvDirty
 .text.C3Di_AptEventHook
                0x00108170       0xb4 /opt/devkitpro/libctru/lib/libcitro3d.a(base.o)
 .text.C3Di_GasUpdate
                0x00108224        0x4 /opt/devkitpro/libctru/lib/libcitro3d.a(base.o)
                0x00108224                C3Di_GasUpdate
 .text.C3D_Init
                0x00108228      0x1d0 /opt/devkitpro/libctru/lib/libcitro3d.a(base.o)
                0x00108228                C3D_Init
 .text.C3D_SetViewport
                0x001083f8       0x98 /opt/devkitpro/libctru/lib/libcitro3d.a(base.o)
                0x001083f8                C3D_SetViewport
 .text.C3Di_UpdateContext
                0x00108490      0x4e8 /opt/devkitpro/libctru/lib/libcitro3d.a(base.o)
                0x00108490                C3Di_UpdateContext
 .text.C3Di_SplitFrame
                0x00108978       0xe0 /opt/devkitpro/libctru/lib/libcitro3d.a(base.o)
                0x00108978                C3Di_SplitFrame
 .text.C3D_Fini
                0x00108a58       0x44 /opt/devkitpro/libctru/lib/libcitro3d.a(base.o)
                0x00108a58                C3D_Fini
 .text.C3D_BindProgram
                0x00108a9c      0x194 /opt/devkitpro/libctru/lib/libcitro3d.a(base.o)
                0x00108a9c                C3D_BindProgram
 .text.BufInfo_Init
                0x00108c30       0x24 /opt/devkitpro/libctru/lib/libcitro3d.a(buffers.o)
                0x00108c30                BufInfo_Init
 .text.BufInfo_Add
                0x00108c54       0x80 /opt/devkitpro/libctru/lib/libcitro3d.a(buffers.o)
                0x00108c54                BufInfo_Add
 .text.C3D_SetBufInfo
                0x00108cd4       0x3c /opt/devkitpro/libctru/lib/libcitro3d.a(buffers.o)
                0x00108cd4                C3D_SetBufInfo
 .text.C3Di_BufInfoBind
                0x00108d10       0x48 /opt/devkitpro/libctru/lib/libcitro3d.a(buffers.o)
                0x00108d10                C3Di_BufInfoBind
 .text.C3D_DrawElements
                0x00108d58      0x21c /opt/devkitpro/libctru/lib/libcitro3d.a(drawElements.o)
                0x00108d58                C3D_DrawElements
 .text.C3D_DepthMap
                0x00108f74       0x40 /opt/devkitpro/libctru/lib/libcitro3d.a(effect.o)
                0x00108f74                C3D_DepthMap
 .text.C3D_CullFace
                0x00108fb4       0x1c /opt/devkitpro/libctru/lib/libcitro3d.a(effect.o)
                0x00108fb4                C3D_CullFace
 .text.C3D_StencilTest
                0x00108fd0       0x40 /opt/devkitpro/libctru/lib/libcitro3d.a(effect.o)
                0x00108fd0                C3D_StencilTest
 .text.C3D_StencilOp
                0x00109010       0x24 /opt/devkitpro/libctru/lib/libcitro3d.a(effect.o)
                0x00109010                C3D_StencilOp
 .text.C3D_BlendingColor
                0x00109034       0x1c /opt/devkitpro/libctru/lib/libcitro3d.a(effect.o)
                0x00109034                C3D_BlendingColor
 .text.C3D_EarlyDepthTest
                0x00109050       0x24 /opt/devkitpro/libctru/lib/libcitro3d.a(effect.o)
                0x00109050                C3D_EarlyDepthTest
 .text.C3D_DepthTest
                0x00109074       0x2c /opt/devkitpro/libctru/lib/libcitro3d.a(effect.o)
                0x00109074                C3D_DepthTest
 .text.C3D_AlphaTest
                0x001090a0       0x2c /opt/devkitpro/libctru/lib/libcitro3d.a(effect.o)
                0x001090a0                C3D_AlphaTest
 .text.C3D_AlphaBlend
                0x001090cc       0x50 /opt/devkitpro/libctru/lib/libcitro3d.a(effect.o)
                0x001090cc                C3D_AlphaBlend
 .text.C3D_FragOpMode
                0x0010911c       0x30 /opt/devkitpro/libctru/lib/libcitro3d.a(effect.o)
                0x0010911c                C3D_FragOpMode
 .text.C3D_FragOpShadow
                0x0010914c       0x44 /opt/devkitpro/libctru/lib/libcitro3d.a(effect.o)
                0x0010914c                C3D_FragOpShadow
 .text.C3Di_EffectBind
                0x00109190      0x1ac /opt/devkitpro/libctru/lib/libcitro3d.a(effect.o)
                0x00109190                C3Di_EffectBind
 .text.C3D_CalcColorBufSize
                0x0010933c       0x1c /opt/devkitpro/libctru/lib/libcitro3d.a(framebuffer.o)
                0x0010933c                C3D_CalcColorBufSize
 .text.C3D_CalcDepthBufSize
                0x00109358       0x1c /opt/devkitpro/libctru/lib/libcitro3d.a(framebuffer.o)
                0x00109358                C3D_CalcDepthBufSize
 .text.C3D_SetFrameBuf
                0x00109374       0x44 /opt/devkitpro/libctru/lib/libcitro3d.a(framebuffer.o)
                0x00109374                C3D_SetFrameBuf
 .text.C3Di_FrameBufBind
                0x001093b8      0x16c /opt/devkitpro/libctru/lib/libcitro3d.a(framebuffer.o)
                0x001093b8                C3Di_FrameBufBind
 .text.C3D_FrameBufClear
                0x00109524       0xc8 /opt/devkitpro/libctru/lib/libcitro3d.a(framebuffer.o)
                0x00109524                C3D_FrameBufClear
 .text.C3D_FrameBufTransfer
                0x001095ec       0x44 /opt/devkitpro/libctru/lib/libcitro3d.a(framebuffer.o)
                0x001095ec                C3D_FrameBufTransfer
 .text.C3D_ImmSendAttrib
                0x00109630       0xa8 /opt/devkitpro/libctru/lib/libcitro3d.a(immediate.o)
                0x00109630                C3D_ImmSendAttrib
 .text.C3D_ProcTexInit
                0x001096d8       0x70 /opt/devkitpro/libctru/lib/libcitro3d.a(proctex.o)
                0x001096d8                C3D_ProcTexInit
 .text.C3D_ProcTexBind
                0x00109748       0x54 /opt/devkitpro/libctru/lib/libcitro3d.a(proctex.o)
                0x00109748                C3D_ProcTexBind
 .text.C3D_ProcTexLutBind
                0x0010979c       0x5c /opt/devkitpro/libctru/lib/libcitro3d.a(proctex.o)
                0x0010979c                C3D_ProcTexLutBind
 .text.ProcTexLut_FromArray
                0x001097f8       0xa4 /opt/devkitpro/libctru/lib/libcitro3d.a(proctex.o)
                0x001097f8                ProcTexLut_FromArray
 .text.C3Di_ProcTexUpdate
                0x0010989c      0x178 /opt/devkitpro/libctru/lib/libcitro3d.a(proctex.o)
                0x0010989c                C3Di_ProcTexUpdate
 .text.C3Di_ProcTexDirty
                0x00109a14       0x68 /opt/devkitpro/libctru/lib/libcitro3d.a(proctex.o)
                0x00109a14                C3Di_ProcTexDirty
 .text.onVBlank0
                0x00109a7c       0x4c /opt/devkitpro/libctru/lib/libcitro3d.a(renderqueue.o)
 .text.onVBlank1
                0x00109ac8       0x4c /opt/devkitpro/libctru/lib/libcitro3d.a(renderqueue.o)
 .text.C3Di_RenderTargetDestroy
                0x00109b14       0x80 /opt/devkitpro/libctru/lib/libcitro3d.a(renderqueue.o)
 .text.onQueueFinish
                0x00109b94       0xf4 /opt/devkitpro/libctru/lib/libcitro3d.a(renderqueue.o)
 .text.C3Di_RenderQueueEnableVBlank
                0x00109c88       0x38 /opt/devkitpro/libctru/lib/libcitro3d.a(renderqueue.o)
                0x00109c88                C3Di_RenderQueueEnableVBlank
 .text.C3Di_RenderQueueDisableVBlank
                0x00109cc0       0x30 /opt/devkitpro/libctru/lib/libcitro3d.a(renderqueue.o)
                0x00109cc0                C3Di_RenderQueueDisableVBlank
 .text.C3Di_RenderQueueInit
                0x00109cf0       0x60 /opt/devkitpro/libctru/lib/libcitro3d.a(renderqueue.o)
                0x00109cf0                C3Di_RenderQueueInit
 .text.C3Di_RenderQueueExit
                0x00109d50       0xb4 /opt/devkitpro/libctru/lib/libcitro3d.a(renderqueue.o)
                0x00109d50                C3Di_RenderQueueExit
 .text.C3Di_RenderQueueWaitDone
                0x00109e04       0x34 /opt/devkitpro/libctru/lib/libcitro3d.a(renderqueue.o)
                0x00109e04                C3Di_RenderQueueWaitDone
 .text.C3D_FrameBegin
                0x00109e38       0xe8 /opt/devkitpro/libctru/lib/libcitro3d.a(renderqueue.o)
                0x00109e38                C3D_FrameBegin
 .text.C3D_FrameDrawOn
                0x00109f20       0x48 /opt/devkitpro/libctru/lib/libcitro3d.a(renderqueue.o)
                0x00109f20                C3D_FrameDrawOn
 .text.C3D_FrameSplit
                0x00109f68       0x58 /opt/devkitpro/libctru/lib/libcitro3d.a(renderqueue.o)
                0x00109f68                C3D_FrameSplit
 .text.C3D_FrameEnd
                0x00109fc0      0x1d0 /opt/devkitpro/libctru/lib/libcitro3d.a(renderqueue.o)
                0x00109fc0                C3D_FrameEnd
 .text.C3D_FrameEndHook
                0x0010a190       0x1c /opt/devkitpro/libctru/lib/libcitro3d.a(renderqueue.o)
                0x0010a190                C3D_FrameEndHook
 .text.C3D_RenderTargetCreate
                0x0010a1ac      0x170 /opt/devkitpro/libctru/lib/libcitro3d.a(renderqueue.o)
                0x0010a1ac                C3D_RenderTargetCreate
 .text.C3D_RenderTargetSetOutput
                0x0010a31c       0xa8 /opt/devkitpro/libctru/lib/libcitro3d.a(renderqueue.o)
                0x0010a31c                C3D_RenderTargetSetOutput
 .text.C3D_GetTexEnv
                0x0010a3c4       0x34 /opt/devkitpro/libctru/lib/libcitro3d.a(texenv.o)
                0x0010a3c4                C3D_GetTexEnv
 .text.C3Di_TexEnvBind
                0x0010a3f8       0x24 /opt/devkitpro/libctru/lib/libcitro3d.a(texenv.o)
                0x0010a3f8                C3Di_TexEnvBind
 .text.C3D_TexBind
                0x0010a41c       0x44 /opt/devkitpro/libctru/lib/libcitro3d.a(texture.o)
                0x0010a41c                C3D_TexBind
 .text.C3Di_SetTex
                0x0010a460      0x14c /opt/devkitpro/libctru/lib/libcitro3d.a(texture.o)
                0x0010a460                C3Di_SetTex
 .text.C3D_UpdateUniforms
                0x0010a5ac      0x290 /opt/devkitpro/libctru/lib/libcitro3d.a(uniforms.o)
                0x0010a5ac                C3D_UpdateUniforms
 .text.C3Di_DirtyUniforms
                0x0010a83c       0xc0 /opt/devkitpro/libctru/lib/libcitro3d.a(uniforms.o)
                0x0010a83c                C3Di_DirtyUniforms
 .text.C3Di_LoadShaderUniforms
                0x0010a8fc       0xd8 /opt/devkitpro/libctru/lib/libcitro3d.a(uniforms.o)
                0x0010a8fc                C3Di_LoadShaderUniforms
 .text.C3Di_ClearShaderUniforms
                0x0010a9d4       0x28 /opt/devkitpro/libctru/lib/libcitro3d.a(uniforms.o)
                0x0010a9d4                C3Di_ClearShaderUniforms
 .text.Mtx_Ortho
                0x0010a9fc       0xcc /opt/devkitpro/libctru/lib/libcitro3d.a(mtx_ortho.o)
                0x0010a9fc                Mtx_Ortho
 .text.Mtx_OrthoTilt
                0x0010aac8       0xcc /opt/devkitpro/libctru/lib/libcitro3d.a(mtx_orthotilt.o)
                0x0010aac8                Mtx_OrthoTilt
 .text._ZL21addrMapNodeComparatorPK11rbtree_nodeS1_
                0x0010ab94       0x24 /opt/devkitpro/libctru/lib/libctru.a(linear.o)
 .text._ZL21addrMapNodeDestructorP11rbtree_node
                0x0010abb8        0x4 /opt/devkitpro/libctru/lib/libctru.a(linear.o)
 .text.linearMemAlign
                0x0010abbc      0x12c /opt/devkitpro/libctru/lib/libctru.a(linear.o)
                0x0010abbc                linearMemAlign
 .text.linearAlloc
                0x0010ace8        0x8 /opt/devkitpro/libctru/lib/libctru.a(linear.o)
                0x0010ace8                linearAlloc
 .text.linearFree
                0x0010acf0       0x5c /opt/devkitpro/libctru/lib/libctru.a(linear.o)
                0x0010acf0                linearFree
 .text._ZN7MemPool13CoalesceRightEP8MemBlock
                0x0010ad4c       0x88 /opt/devkitpro/libctru/lib/libctru.a(mem_pool.o)
                0x0010ad4c                _ZN7MemPool13CoalesceRightEP8MemBlock
 .text._ZN7MemPool8AllocateER8MemChunkmi
                0x0010add4      0x178 /opt/devkitpro/libctru/lib/libctru.a(mem_pool.o)
                0x0010add4                _ZN7MemPool8AllocateER8MemChunkmi
 .text._ZN7MemPool10DeallocateERK8MemChunk
                0x0010af4c      0x118 /opt/devkitpro/libctru/lib/libctru.a(mem_pool.o)
                0x0010af4c                _ZN7MemPool10DeallocateERK8MemChunk
 .text._ZN7MemPool12GetFreeSpaceEv
                0x0010b064       0x30 /opt/devkitpro/libctru/lib/libctru.a(mem_pool.o)
                0x0010b064                _ZN7MemPool12GetFreeSpaceEv
 .text._ZL21addrMapNodeComparatorPK11rbtree_nodeS1_
                0x0010b094       0x24 /opt/devkitpro/libctru/lib/libctru.a(vram.o)
 .text._ZL21addrMapNodeDestructorP11rbtree_node
                0x0010b0b8        0x4 /opt/devkitpro/libctru/lib/libctru.a(vram.o)
 .text.vramMemAlignAt
                0x0010b0bc      0x248 /opt/devkitpro/libctru/lib/libctru.a(vram.o)
                0x0010b0bc                vramMemAlignAt
 .text.vramAlloc
                0x0010b304        0xc /opt/devkitpro/libctru/lib/libctru.a(vram.o)
                0x0010b304                vramAlloc
 .text.vramAllocAt
                0x0010b310        0xc /opt/devkitpro/libctru/lib/libctru.a(vram.o)
                0x0010b310                vramAllocAt
 .text.vramFree
                0x0010b31c       0x94 /opt/devkitpro/libctru/lib/libctru.a(vram.o)
                0x0010b31c                vramFree
 .text.fontEnsureMapped
                0x0010b3b0       0x9c /opt/devkitpro/libctru/lib/libctru.a(font.o)
                0x0010b3b0                fontEnsureMapped
 .text.fontGlyphIndexFromCodePoint
                0x0010b44c      0x100 /opt/devkitpro/libctru/lib/libctru.a(font.o)
                0x0010b44c                fontGlyphIndexFromCodePoint
 .text.fontCalcGlyphPos
                0x0010b54c      0x214 /opt/devkitpro/libctru/lib/libctru.a(font.o)
                0x0010b54c                fontCalcGlyphPos
 .text.gfxPresentFramebuffer
                0x0010b760       0xcc /opt/devkitpro/libctru/lib/libctru.a(gfx.o)
 .text.gfxIsWide
                0x0010b82c       0x1c /opt/devkitpro/libctru/lib/libctru.a(gfx.o)
                0x0010b82c                gfxIsWide
 .text.gfxSetScreenFormat
                0x0010b848       0xf8 /opt/devkitpro/libctru/lib/libctru.a(gfx.o)
                0x0010b848                gfxSetScreenFormat
 .text.gfxInit  0x0010b940       0xd8 /opt/devkitpro/libctru/lib/libctru.a(gfx.o)
                0x0010b940                gfxInit
 .text.gfxInitDefault
                0x0010ba18       0x10 /opt/devkitpro/libctru/lib/libctru.a(gfx.o)
                0x0010ba18                gfxInitDefault
 .text.gfxExit  0x0010ba28       0xb8 /opt/devkitpro/libctru/lib/libctru.a(gfx.o)
                0x0010ba28                gfxExit
 .text.gfxGetFramebuffer
                0x0010bae0       0xa0 /opt/devkitpro/libctru/lib/libctru.a(gfx.o)
                0x0010bae0                gfxGetFramebuffer
 .text.gfxScreenSwapBuffers
                0x0010bb80       0x28 /opt/devkitpro/libctru/lib/libctru.a(gfx.o)
                0x0010bb80                gfxScreenSwapBuffers
 .text.osConvertVirtToPhys
                0x0010bba8       0x74 /opt/devkitpro/libctru/lib/libctru.a(os.o)
                0x0010bba8                osConvertVirtToPhys
 .text.osGetTimeRef
                0x0010bc1c       0x54 /opt/devkitpro/libctru/lib/libctru.a(os.o)
                0x0010bc1c                osGetTimeRef
 .text.osGetTime
                0x0010bc70       0xec /opt/devkitpro/libctru/lib/libctru.a(os.o)
                0x0010bc70                osGetTime
 .text.__ctru_speedup_config
                0x0010bd5c       0x34 /opt/devkitpro/libctru/lib/libctru.a(os.o)
                0x0010bd5c                __ctru_speedup_config
 .text.GPUCMD_Add
                0x0010bd90      0x13c /opt/devkitpro/libctru/lib/libctru.a(gpu.o)
                0x0010bd90                GPUCMD_Add
 .text.GPUCMD_Split
                0x0010becc       0xb0 /opt/devkitpro/libctru/lib/libctru.a(gpu.o)
                0x0010becc                GPUCMD_Split
 .text.f32tof16
                0x0010bf7c       0x34 /opt/devkitpro/libctru/lib/libctru.a(gpu.o)
                0x0010bf7c                f32tof16
 .text.f32tof24
                0x0010bfb0       0x34 /opt/devkitpro/libctru/lib/libctru.a(gpu.o)
                0x0010bfb0                f32tof24
 .text.f32tof31
                0x0010bfe4       0x38 /opt/devkitpro/libctru/lib/libctru.a(gpu.o)
                0x0010bfe4                f32tof31
 .text.GX_BindQueue
                0x0010c01c       0x10 /opt/devkitpro/libctru/lib/libctru.a(gx.o)
                0x0010c01c                GX_BindQueue
 .text.GX_ProcessCommandList
                0x0010c02c       0x7c /opt/devkitpro/libctru/lib/libctru.a(gx.o)
                0x0010c02c                GX_ProcessCommandList
 .text.GX_MemoryFill
                0x0010c0a8       0x74 /opt/devkitpro/libctru/lib/libctru.a(gx.o)
                0x0010c0a8                GX_MemoryFill
 .text.GX_DisplayTransfer
                0x0010c11c       0x74 /opt/devkitpro/libctru/lib/libctru.a(gx.o)
                0x0010c11c                GX_DisplayTransfer
 .text.gxCmdQueueDoCommands.part.0
                0x0010c190       0x64 /opt/devkitpro/libctru/lib/libctru.a(gxqueue.o)
 .text.gxCmdQueueInterrupt
                0x0010c1f4       0xe4 /opt/devkitpro/libctru/lib/libctru.a(gxqueue.o)
                0x0010c1f4                gxCmdQueueInterrupt
 .text.gxCmdQueueClear
                0x0010c2d8       0x68 /opt/devkitpro/libctru/lib/libctru.a(gxqueue.o)
                0x0010c2d8                gxCmdQueueClear
 .text.gxCmdQueueAdd
                0x0010c340      0x108 /opt/devkitpro/libctru/lib/libctru.a(gxqueue.o)
                0x0010c340                gxCmdQueueAdd
 .text.gxCmdQueueRun
                0x0010c448       0x80 /opt/devkitpro/libctru/lib/libctru.a(gxqueue.o)
                0x0010c448                gxCmdQueueRun
 .text.gxCmdQueueStop
                0x0010c4c8       0x64 /opt/devkitpro/libctru/lib/libctru.a(gxqueue.o)
                0x0010c4c8                gxCmdQueueStop
 .text.gxCmdQueueWait
                0x0010c52c       0xac /opt/devkitpro/libctru/lib/libctru.a(gxqueue.o)
                0x0010c52c                gxCmdQueueWait
 .text.shaderInstanceInit
                0x0010c5d8      0x1e0 /opt/devkitpro/libctru/lib/libctru.a(shaderProgram.o)
                0x0010c5d8                shaderInstanceInit
 .text.shaderInstanceGetUniformLocation
                0x0010c7b8       0x18 /opt/devkitpro/libctru/lib/libctru.a(shaderProgram.o)
                0x0010c7b8                shaderInstanceGetUniformLocation
 .text.shaderProgramInit
                0x0010c7d0       0x1c /opt/devkitpro/libctru/lib/libctru.a(shaderProgram.o)
                0x0010c7d0                shaderProgramInit
 .text.shaderProgramFree
                0x0010c7ec       0x74 /opt/devkitpro/libctru/lib/libctru.a(shaderProgram.o)
                0x0010c7ec                shaderProgramFree
 .text.shaderProgramSetVsh
                0x0010c860       0x94 /opt/devkitpro/libctru/lib/libctru.a(shaderProgram.o)
                0x0010c860                shaderProgramSetVsh
 .text.shaderProgramConfigure
                0x0010c8f4      0x8d0 /opt/devkitpro/libctru/lib/libctru.a(shaderProgram.o)
                0x0010c8f4                shaderProgramConfigure
 .text.DVLE_GenerateOutmap.part.0
                0x0010d1c4      0x1dc /opt/devkitpro/libctru/lib/libctru.a(shbin.o)
 .text.DVLB_ParseFile
                0x0010d3a0      0x1ac /opt/devkitpro/libctru/lib/libctru.a(shbin.o)
                0x0010d3a0                DVLB_ParseFile
 .text.DVLB_Free
                0x0010d54c       0x50 /opt/devkitpro/libctru/lib/libctru.a(shbin.o)
                0x0010d54c                DVLB_Free
 .text.DVLE_GetUniformRegister
                0x0010d59c       0x74 /opt/devkitpro/libctru/lib/libctru.a(shbin.o)
                0x0010d59c                DVLE_GetUniformRegister
 .text.aptConvertScreenForCapture
                0x0010d610      0x180 /opt/devkitpro/libctru/lib/libctru.a(apt.o)
 .text.aptDspSleep
                0x0010d790        0x8 /opt/devkitpro/libctru/lib/libctru.a(apt.o)
                0x0010d790                aptDspSleep
 .text.aptDspWakeup
                0x0010d798        0x4 /opt/devkitpro/libctru/lib/libctru.a(apt.o)
                0x0010d798                aptDspWakeup
 .text.aptDspCancel
                0x0010d79c        0x4 /opt/devkitpro/libctru/lib/libctru.a(apt.o)
                0x0010d79c                aptDspCancel
 .text.aptSendCommand
                0x0010d7a0      0x138 /opt/devkitpro/libctru/lib/libctru.a(apt.o)
                0x0010d7a0                aptSendCommand
 .text.aptExitProcess
                0x0010d8d8       0x44 /opt/devkitpro/libctru/lib/libctru.a(apt.o)
 .text.aptShouldJumpToHome
                0x0010d91c       0x38 /opt/devkitpro/libctru/lib/libctru.a(apt.o)
                0x0010d91c                aptShouldJumpToHome
 .text.aptExit  0x0010d954      0x394 /opt/devkitpro/libctru/lib/libctru.a(apt.o)
                0x0010d954                aptExit
 .text.aptHandleSleep
                0x0010dce8       0xd8 /opt/devkitpro/libctru/lib/libctru.a(apt.o)
                0x0010dce8                aptHandleSleep
 .text.aptHook  0x0010ddc0       0x34 /opt/devkitpro/libctru/lib/libctru.a(apt.o)
                0x0010ddc0                aptHook
 .text.aptUnhook
                0x0010ddf4       0x30 /opt/devkitpro/libctru/lib/libctru.a(apt.o)
                0x0010ddf4                aptUnhook
 .text.APT_SleepIfShellClosed
                0x0010de24       0x84 /opt/devkitpro/libctru/lib/libctru.a(apt.o)
                0x0010de24                APT_SleepIfShellClosed
 .text.aptSetSleepAllowed
                0x0010dea8       0x78 /opt/devkitpro/libctru/lib/libctru.a(apt.o)
                0x0010dea8                aptSetSleepAllowed
 .text.APT_UnlockTransition
                0x0010df20       0x84 /opt/devkitpro/libctru/lib/libctru.a(apt.o)
                0x0010df20                APT_UnlockTransition
 *fill*         0x0010dfa4        0x4 
 .text.aptEventHandler
                0x0010dfa8      0x470 /opt/devkitpro/libctru/lib/libctru.a(apt.o)
 .text.APT_ReceiveParameter
                0x0010e418       0xbc /opt/devkitpro/libctru/lib/libctru.a(apt.o)
                0x0010e418                APT_ReceiveParameter
 .text.aptReceiveParameter.constprop.0
                0x0010e4d4       0xb0 /opt/devkitpro/libctru/lib/libctru.a(apt.o)
 *fill*         0x0010e584        0x4 
 .text.aptScreenTransfer
                0x0010e588      0x294 /opt/devkitpro/libctru/lib/libctru.a(apt.o)
 .text.aptWaitForWakeUp.isra.0
                0x0010e81c      0x2d0 /opt/devkitpro/libctru/lib/libctru.a(apt.o)
 .text.aptJumpToHomeMenu
                0x0010eaec       0xf4 /opt/devkitpro/libctru/lib/libctru.a(apt.o)
                0x0010eaec                aptJumpToHomeMenu
 .text.aptMainLoop
                0x0010ebe0       0x58 /opt/devkitpro/libctru/lib/libctru.a(apt.o)
                0x0010ebe0                aptMainLoop
 .text.aptInit  0x0010ec38      0x240 /opt/devkitpro/libctru/lib/libctru.a(apt.o)
                0x0010ec38                aptInit
 .text.APT_CheckNew3DS
                0x0010ee78       0x90 /opt/devkitpro/libctru/lib/libctru.a(apt.o)
                0x0010ee78                APT_CheckNew3DS
 .text.APT_GetSharedFont
                0x0010ef08       0x48 /opt/devkitpro/libctru/lib/libctru.a(apt.o)
                0x0010ef08                APT_GetSharedFont
 .text.fsInit   0x0010ef50      0x104 /opt/devkitpro/libctru/lib/libctru.a(fs.o)
                0x0010ef50                fsInit
 .text.fsExit   0x0010f054       0x3c /opt/devkitpro/libctru/lib/libctru.a(fs.o)
                0x0010f054                fsExit
 .text.fsExemptFromSession
                0x0010f090       0x68 /opt/devkitpro/libctru/lib/libctru.a(fs.o)
                0x0010f090                fsExemptFromSession
 .text.fsUnexemptFromSession
                0x0010f0f8       0x50 /opt/devkitpro/libctru/lib/libctru.a(fs.o)
                0x0010f0f8                fsUnexemptFromSession
 .text.FSUSER_OpenFile
                0x0010f148       0xcc /opt/devkitpro/libctru/lib/libctru.a(fs.o)
                0x0010f148                FSUSER_OpenFile
 .text.FSUSER_DeleteFile
                0x0010f214       0xb8 /opt/devkitpro/libctru/lib/libctru.a(fs.o)
                0x0010f214                FSUSER_DeleteFile
 .text.FSUSER_RenameFile
                0x0010f2cc       0xf4 /opt/devkitpro/libctru/lib/libctru.a(fs.o)
                0x0010f2cc                FSUSER_RenameFile
 .text.FSUSER_DeleteDirectory
                0x0010f3c0       0xb8 /opt/devkitpro/libctru/lib/libctru.a(fs.o)
                0x0010f3c0                FSUSER_DeleteDirectory
 .text.FSUSER_CreateFile
                0x0010f478       0xd0 /opt/devkitpro/libctru/lib/libctru.a(fs.o)
                0x0010f478                FSUSER_CreateFile
 .text.FSUSER_CreateDirectory
                0x0010f548       0xc0 /opt/devkitpro/libctru/lib/libctru.a(fs.o)
                0x0010f548                FSUSER_CreateDirectory
 .text.FSUSER_RenameDirectory
                0x0010f608       0xf4 /opt/devkitpro/libctru/lib/libctru.a(fs.o)
                0x0010f608                FSUSER_RenameDirectory
 .text.FSUSER_OpenDirectory
                0x0010f6fc       0xb4 /opt/devkitpro/libctru/lib/libctru.a(fs.o)
                0x0010f6fc                FSUSER_OpenDirectory
 .text.FSUSER_OpenArchive
                0x0010f7b0       0x90 /opt/devkitpro/libctru/lib/libctru.a(fs.o)
                0x0010f7b0                FSUSER_OpenArchive
 .text.FSUSER_CloseArchive
                0x0010f840       0x8c /opt/devkitpro/libctru/lib/libctru.a(fs.o)
                0x0010f840                FSUSER_CloseArchive
 .text.FSUSER_GetSdmcArchiveResource
                0x0010f8cc       0x74 /opt/devkitpro/libctru/lib/libctru.a(fs.o)
                0x0010f8cc                FSUSER_GetSdmcArchiveResource
 .text.FSUSER_IsSdmcWritable
                0x0010f940       0x64 /opt/devkitpro/libctru/lib/libctru.a(fs.o)
                0x0010f940                FSUSER_IsSdmcWritable
 .text.FSFILE_Read
                0x0010f9a4       0x64 /opt/devkitpro/libctru/lib/libctru.a(fs.o)
                0x0010f9a4                FSFILE_Read
 .text.FSFILE_Write
                0x0010fa08       0x6c /opt/devkitpro/libctru/lib/libctru.a(fs.o)
                0x0010fa08                FSFILE_Write
 .text.FSFILE_GetSize
                0x0010fa74       0x44 /opt/devkitpro/libctru/lib/libctru.a(fs.o)
                0x0010fa74                FSFILE_GetSize
 .text.FSFILE_SetSize
                0x0010fab8       0x28 /opt/devkitpro/libctru/lib/libctru.a(fs.o)
                0x0010fab8                FSFILE_SetSize
 .text.FSFILE_Close
                0x0010fae0       0x3c /opt/devkitpro/libctru/lib/libctru.a(fs.o)
                0x0010fae0                FSFILE_Close
 .text.FSFILE_Flush
                0x0010fb1c       0x24 /opt/devkitpro/libctru/lib/libctru.a(fs.o)
                0x0010fb1c                FSFILE_Flush
 .text.FSDIR_Read
                0x0010fb40       0x60 /opt/devkitpro/libctru/lib/libctru.a(fs.o)
                0x0010fb40                FSDIR_Read
 .text.FSDIR_Close
                0x0010fba0       0x3c /opt/devkitpro/libctru/lib/libctru.a(fs.o)
                0x0010fba0                FSDIR_Close
 .text.gspHardwareInit
                0x0010fbdc      0xc70 /opt/devkitpro/libctru/lib/libctru.a(gspgpu.o)
 .text.gspInit  0x0011084c      0x288 /opt/devkitpro/libctru/lib/libctru.a(gspgpu.o)
                0x0011084c                gspInit
 .text.gspExit  0x00110ad4      0x104 /opt/devkitpro/libctru/lib/libctru.a(gspgpu.o)
                0x00110ad4                gspExit
 .text.gspHasGpuRight
                0x00110bd8       0x10 /opt/devkitpro/libctru/lib/libctru.a(gspgpu.o)
                0x00110bd8                gspHasGpuRight
 .text.gspPresentBuffer
                0x00110be8       0xa4 /opt/devkitpro/libctru/lib/libctru.a(gspgpu.o)
                0x00110be8                gspPresentBuffer
 .text.gspSetEventCallback
                0x00110c8c       0x30 /opt/devkitpro/libctru/lib/libctru.a(gspgpu.o)
                0x00110c8c                gspSetEventCallback
 .text.gspWaitForEvent
                0x00110cbc       0x50 /opt/devkitpro/libctru/lib/libctru.a(gspgpu.o)
                0x00110cbc                gspWaitForEvent
 .text.gspWaitForAnyEvent
                0x00110d0c       0x4c /opt/devkitpro/libctru/lib/libctru.a(gspgpu.o)
                0x00110d0c                gspWaitForAnyEvent
 .text.gspEventThreadMain
                0x00110d58      0x154 /opt/devkitpro/libctru/lib/libctru.a(gspgpu.o)
 .text.gspSubmitGxCommand
                0x00110eac      0x12c /opt/devkitpro/libctru/lib/libctru.a(gspgpu.o)
                0x00110eac                gspSubmitGxCommand
 .text.GSPGPU_FlushDataCache
                0x00110fd8       0x50 /opt/devkitpro/libctru/lib/libctru.a(gspgpu.o)
                0x00110fd8                GSPGPU_FlushDataCache
 .text.GSPGPU_SetLcdForceBlack
                0x00111028       0x34 /opt/devkitpro/libctru/lib/libctru.a(gspgpu.o)
                0x00111028                GSPGPU_SetLcdForceBlack
 .text.GSPGPU_AcquireRight
                0x0011105c       0x84 /opt/devkitpro/libctru/lib/libctru.a(gspgpu.o)
                0x0011105c                GSPGPU_AcquireRight
 .text.GSPGPU_ReleaseRight
                0x001110e0       0x64 /opt/devkitpro/libctru/lib/libctru.a(gspgpu.o)
                0x001110e0                GSPGPU_ReleaseRight
 .text.GSPGPU_ImportDisplayCaptureInfo
                0x00111144       0x7c /opt/devkitpro/libctru/lib/libctru.a(gspgpu.o)
                0x00111144                GSPGPU_ImportDisplayCaptureInfo
 .text.GSPGPU_SaveVramSysArea
                0x001111c0       0x2c /opt/devkitpro/libctru/lib/libctru.a(gspgpu.o)
                0x001111c0                GSPGPU_SaveVramSysArea
 .text.GSPGPU_RestoreVramSysArea
                0x001111ec       0x2c /opt/devkitpro/libctru/lib/libctru.a(gspgpu.o)
                0x001111ec                GSPGPU_RestoreVramSysArea
 .text.hidShouldUseIrrst
                0x00111218       0x24 /opt/devkitpro/libctru/lib/libctru.a(hid.o)
                0x00111218                hidShouldUseIrrst
 .text.hidInit  0x0011123c      0x1cc /opt/devkitpro/libctru/lib/libctru.a(hid.o)
                0x0011123c                hidInit
 .text.hidExit  0x00111408       0xe8 /opt/devkitpro/libctru/lib/libctru.a(hid.o)
                0x00111408                hidExit
 .text.hidScanInput
                0x001114f0      0x2a0 /opt/devkitpro/libctru/lib/libctru.a(hid.o)
                0x001114f0                hidScanInput
 .text.hidKeysDown
                0x00111790       0x10 /opt/devkitpro/libctru/lib/libctru.a(hid.o)
                0x00111790                hidKeysDown
 .text.hidTouchRead
                0x001117a0       0x18 /opt/devkitpro/libctru/lib/libctru.a(hid.o)
                0x001117a0                hidTouchRead
 .text.irrstInit
                0x001117b8      0x1a4 /opt/devkitpro/libctru/lib/libctru.a(irrst.o)
                0x001117b8                irrstInit
 .text.irrstExit
                0x0011195c       0xdc /opt/devkitpro/libctru/lib/libctru.a(irrst.o)
                0x0011195c                irrstExit
 .text.irrstScanInput
                0x00111a38       0xb4 /opt/devkitpro/libctru/lib/libctru.a(irrst.o)
                0x00111a38                irrstScanInput
 .text.irrstKeysHeld
                0x00111aec       0x24 /opt/devkitpro/libctru/lib/libctru.a(irrst.o)
                0x00111aec                irrstKeysHeld
 .text.ptmSysmInit
                0x00111b10       0x78 /opt/devkitpro/libctru/lib/libctru.a(ptmsysm.o)
                0x00111b10                ptmSysmInit
 .text.ptmSysmExit
                0x00111b88       0x3c /opt/devkitpro/libctru/lib/libctru.a(ptmsysm.o)
                0x00111b88                ptmSysmExit
 .text.PTMSYSM_ConfigureNew3DSCPU
                0x00111bc4       0x34 /opt/devkitpro/libctru/lib/libctru.a(ptmsysm.o)
                0x00111bc4                PTMSYSM_ConfigureNew3DSCPU
 .text.rbtree_find
                0x00111bf8       0x74 /opt/devkitpro/libctru/lib/libctru.a(rbtree_find.o)
                0x00111bf8                rbtree_find
 .text.rbtree_init
                0x00111c6c       0x10 /opt/devkitpro/libctru/lib/libctru.a(rbtree_init.o)
                0x00111c6c                rbtree_init
 .text.do_insert
                0x00111c7c      0x198 /opt/devkitpro/libctru/lib/libctru.a(rbtree_insert.o)
 .text.rbtree_insert
                0x00111e14        0x8 /opt/devkitpro/libctru/lib/libctru.a(rbtree_insert.o)
                0x00111e14                rbtree_insert
 .text.rbtree_remove
                0x00111e1c      0x310 /opt/devkitpro/libctru/lib/libctru.a(rbtree_remove.o)
                0x00111e1c                rbtree_remove
 .text.rbtree_rotate
                0x0011212c       0x90 /opt/devkitpro/libctru/lib/libctru.a(rbtree_rotate.o)
                0x0011212c                rbtree_rotate
 .text.decode_utf8
                0x001121bc      0x140 /opt/devkitpro/libctru/lib/libctru.a(decode_utf8.o)
                0x001121bc                decode_utf8
 .text.utf16_to_utf8
                0x001122fc       0xe8 /opt/devkitpro/libctru/lib/libctru.a(utf16_to_utf8.o)
                0x001122fc                utf16_to_utf8
 .text.utf8_to_utf16
                0x001123e4       0xc0 /opt/devkitpro/libctru/lib/libctru.a(utf8_to_utf16.o)
                0x001123e4                utf8_to_utf16
 *fill*         0x001124a4        0x4 
 .text.__system_allocateHeaps
                0x001124a8      0x1e8 /opt/devkitpro/libctru/lib/libctru.a(allocateHeaps.o)
                0x001124a8                __system_allocateHeaps
 .text.__libctru_init
                0x00112690       0x38 /opt/devkitpro/libctru/lib/libctru.a(ctru_init.o)
                0x00112690                __libctru_init
 .text.__system_initArgv
                0x001126c8      0x16c /opt/devkitpro/libctru/lib/libctru.a(initArgv.o)
                0x001126c8                __system_initArgv
 .text.__syscall_getreent
                0x00112834       0x30 /opt/devkitpro/libctru/lib/libctru.a(syscalls.o)
                0x00112834                __syscall_getreent
 .text.__syscall_gettod_r
                0x00112864       0x64 /opt/devkitpro/libctru/lib/libctru.a(syscalls.o)
                0x00112864                __syscall_gettod_r
 .text.__syscall_lock_acquire
                0x001128c8        0x4 /opt/devkitpro/libctru/lib/libctru.a(syscalls.o)
                0x001128c8                __syscall_lock_acquire
 .text.__syscall_lock_release
                0x001128cc        0x4 /opt/devkitpro/libctru/lib/libctru.a(syscalls.o)
                0x001128cc                __syscall_lock_release
 .text.__syscall_lock_acquire_recursive
                0x001128d0        0x4 /opt/devkitpro/libctru/lib/libctru.a(syscalls.o)
                0x001128d0                __syscall_lock_acquire_recursive
 .text.__syscall_lock_release_recursive
                0x001128d4        0x4 /opt/devkitpro/libctru/lib/libctru.a(syscalls.o)
                0x001128d4                __syscall_lock_release_recursive
 .text.__syscall_exit
                0x001128d8        0x4 /opt/devkitpro/libctru/lib/libctru.a(syscalls.o)
                0x001128d8                __syscall_exit
 .text.initThreadVars
                0x001128dc       0x54 /opt/devkitpro/libctru/lib/libctru.a(syscalls.o)
                0x001128dc                initThreadVars
 .text.__system_initSyscalls
                0x00112930       0x80 /opt/devkitpro/libctru/lib/libctru.a(syscalls.o)
                0x00112930                __system_initSyscalls
 .text.svcControlMemory
                0x001129b0       0x20 /opt/devkitpro/libctru/lib/libctru.a(svc.o)
                0x001129b0                svcControlMemory
 .text.svcQueryMemory
                0x001129d0       0x30 /opt/devkitpro/libctru/lib/libctru.a(svc.o)
                0x001129d0                svcQueryMemory
 .text.svcExitProcess
                0x00112a00        0x8 /opt/devkitpro/libctru/lib/libctru.a(svc.o)
                0x00112a00                svcExitProcess
 .text.svcCreateThread
                0x00112a08       0x20 /opt/devkitpro/libctru/lib/libctru.a(svc.o)
                0x00112a08                svcCreateThread
 .text.svcExitThread
                0x00112a28        0x8 /opt/devkitpro/libctru/lib/libctru.a(svc.o)
                0x00112a28                svcExitThread
 .text.svcSleepThread
                0x00112a30        0x8 /opt/devkitpro/libctru/lib/libctru.a(svc.o)
                0x00112a30                svcSleepThread
 .text.svcReleaseMutex
                0x00112a38        0x8 /opt/devkitpro/libctru/lib/libctru.a(svc.o)
                0x00112a38                svcReleaseMutex
 .text.svcCreateEvent
                0x00112a40       0x14 /opt/devkitpro/libctru/lib/libctru.a(svc.o)
                0x00112a40                svcCreateEvent
 .text.svcSignalEvent
                0x00112a54        0x8 /opt/devkitpro/libctru/lib/libctru.a(svc.o)
                0x00112a54                svcSignalEvent
 .text.svcClearEvent
                0x00112a5c        0x8 /opt/devkitpro/libctru/lib/libctru.a(svc.o)
                0x00112a5c                svcClearEvent
 .text.svcMapMemoryBlock
                0x00112a64        0x8 /opt/devkitpro/libctru/lib/libctru.a(svc.o)
                0x00112a64                svcMapMemoryBlock
 .text.svcUnmapMemoryBlock
                0x00112a6c        0x8 /opt/devkitpro/libctru/lib/libctru.a(svc.o)
                0x00112a6c                svcUnmapMemoryBlock
 .text.svcCreateAddressArbiter
                0x00112a74       0x14 /opt/devkitpro/libctru/lib/libctru.a(svc.o)
                0x00112a74                svcCreateAddressArbiter
 .text.svcArbitrateAddressNoTimeout
                0x00112a88        0x8 /opt/devkitpro/libctru/lib/libctru.a(svc.o)
                0x00112a88                svcArbitrateAddressNoTimeout
 .text.svcCloseHandle
                0x00112a90        0x8 /opt/devkitpro/libctru/lib/libctru.a(svc.o)
                0x00112a90                svcCloseHandle
 .text.svcWaitSynchronization
                0x00112a98        0x8 /opt/devkitpro/libctru/lib/libctru.a(svc.o)
                0x00112a98                svcWaitSynchronization
 .text.svcWaitSynchronizationN
                0x00112aa0       0x28 /opt/devkitpro/libctru/lib/libctru.a(svc.o)
                0x00112aa0                svcWaitSynchronizationN
 .text.svcDuplicateHandle
                0x00112ac8       0x14 /opt/devkitpro/libctru/lib/libctru.a(svc.o)
                0x00112ac8                svcDuplicateHandle
 .text.svcGetSystemTick
                0x00112adc        0x8 /opt/devkitpro/libctru/lib/libctru.a(svc.o)
                0x00112adc                svcGetSystemTick
 .text.svcConnectToPort
                0x00112ae4       0x14 /opt/devkitpro/libctru/lib/libctru.a(svc.o)
                0x00112ae4                svcConnectToPort
 .text.svcSendSyncRequest
                0x00112af8        0x8 /opt/devkitpro/libctru/lib/libctru.a(svc.o)
                0x00112af8                svcSendSyncRequest
 .text.svcGetResourceLimit
                0x00112b00       0x14 /opt/devkitpro/libctru/lib/libctru.a(svc.o)
                0x00112b00                svcGetResourceLimit
 .text.svcGetResourceLimitLimitValues
                0x00112b14        0x8 /opt/devkitpro/libctru/lib/libctru.a(svc.o)
                0x00112b14                svcGetResourceLimitLimitValues
 .text.svcGetResourceLimitCurrentValues
                0x00112b1c        0x8 /opt/devkitpro/libctru/lib/libctru.a(svc.o)
                0x00112b1c                svcGetResourceLimitCurrentValues
 .text.svcBreak
                0x00112b24        0x8 /opt/devkitpro/libctru/lib/libctru.a(svc.o)
                0x00112b24                svcBreak
 .text.__aeabi_read_tp
                0x00112b2c        0xc /opt/devkitpro/libctru/lib/libctru.a(readtp.o)
                0x00112b2c                __aeabi_read_tp
 .text.initSystem
                0x00112b38       0x50 /opt/devkitpro/libctru/lib/libctru.a(stack_adjust.o)
                0x00112b38                initSystem
 .text.__ctru_exit
                0x00112b88       0x14 /opt/devkitpro/libctru/lib/libctru.a(stack_adjust.o)
                0x00112b88                __ctru_exit
 .text.envGetHandle
                0x00112b9c       0x8c /opt/devkitpro/libctru/lib/libctru.a(env.o)
                0x00112b9c                envGetHandle
 .text.envDestroyHandles
                0x00112c28       0x50 /opt/devkitpro/libctru/lib/libctru.a(env.o)
                0x00112c28                envDestroyHandles
 .text.srvInit  0x00112c78      0x164 /opt/devkitpro/libctru/lib/libctru.a(srv.o)
                0x00112c78                srvInit
 .text.srvExit  0x00112ddc       0x64 /opt/devkitpro/libctru/lib/libctru.a(srv.o)
                0x00112ddc                srvExit
 .text.srvEnableNotification
                0x00112e40       0x60 /opt/devkitpro/libctru/lib/libctru.a(srv.o)
                0x00112e40                srvEnableNotification
 .text.srvGetServiceHandleDirect
                0x00112ea0       0xa0 /opt/devkitpro/libctru/lib/libctru.a(srv.o)
                0x00112ea0                srvGetServiceHandleDirect
 .text.srvGetServiceHandle
                0x00112f40       0x48 /opt/devkitpro/libctru/lib/libctru.a(srv.o)
                0x00112f40                srvGetServiceHandle
 .text.srvSubscribe
                0x00112f88       0x34 /opt/devkitpro/libctru/lib/libctru.a(srv.o)
                0x00112f88                srvSubscribe
 .text.srvReceiveNotification
                0x00112fbc       0x60 /opt/devkitpro/libctru/lib/libctru.a(srv.o)
                0x00112fbc                srvReceiveNotification
 .text.srvPublishToSubscriber
                0x0011301c       0x38 /opt/devkitpro/libctru/lib/libctru.a(srv.o)
                0x0011301c                srvPublishToSubscriber
 .text.__sync_init
                0x00113054        0xc /opt/devkitpro/libctru/lib/libctru.a(synchronization.o)
                0x00113054                __sync_init
 .text.__sync_fini
                0x00113060       0x18 /opt/devkitpro/libctru/lib/libctru.a(synchronization.o)
                0x00113060                __sync_fini
 .text.syncArbitrateAddress
                0x00113078       0x28 /opt/devkitpro/libctru/lib/libctru.a(synchronization.o)
                0x00113078                syncArbitrateAddress
 .text.LightLock_Lock
                0x001130a0       0xac /opt/devkitpro/libctru/lib/libctru.a(synchronization.o)
                0x001130a0                LightLock_Lock
 .text.LightLock_Unlock
                0x0011314c       0x40 /opt/devkitpro/libctru/lib/libctru.a(synchronization.o)
                0x0011314c                LightLock_Unlock
 .text.RecursiveLock_Lock
                0x0011318c       0x54 /opt/devkitpro/libctru/lib/libctru.a(synchronization.o)
                0x0011318c                RecursiveLock_Lock
 .text.RecursiveLock_Unlock
                0x001131e0       0x54 /opt/devkitpro/libctru/lib/libctru.a(synchronization.o)
                0x001131e0                RecursiveLock_Unlock
 .text.LightEvent_Init
                0x00113234       0x44 /opt/devkitpro/libctru/lib/libctru.a(synchronization.o)
                0x00113234                LightEvent_Init
 .text.LightEvent_Clear
                0x00113278       0xb8 /opt/devkitpro/libctru/lib/libctru.a(synchronization.o)
                0x00113278                LightEvent_Clear
 .text.LightEvent_Signal
                0x00113330       0xdc /opt/devkitpro/libctru/lib/libctru.a(synchronization.o)
                0x00113330                LightEvent_Signal
 .text.LightEvent_TryWait
                0x0011340c       0x50 /opt/devkitpro/libctru/lib/libctru.a(synchronization.o)
                0x0011340c                LightEvent_TryWait
 .text.LightEvent_Wait
                0x0011345c       0xac /opt/devkitpro/libctru/lib/libctru.a(synchronization.o)
                0x0011345c                LightEvent_Wait
 .text.threadCreate
                0x00113508      0x1fc /opt/devkitpro/libctru/lib/libctru.a(thread.o)
                0x00113508                threadCreate
 .text.threadFree
                0x00113704       0x38 /opt/devkitpro/libctru/lib/libctru.a(thread.o)
                0x00113704                threadFree
 .text.threadJoin
                0x0011373c       0x24 /opt/devkitpro/libctru/lib/libctru.a(thread.o)
                0x0011373c                threadJoin
 .text.threadGetCurrent
                0x00113760       0x30 /opt/devkitpro/libctru/lib/libctru.a(thread.o)
                0x00113760                threadGetCurrent
 .text.threadExit
                0x00113790       0x40 /opt/devkitpro/libctru/lib/libctru.a(thread.o)
                0x00113790                threadExit
 .text._thread_begin
                0x001137d0       0x20 /opt/devkitpro/libctru/lib/libctru.a(thread.o)
 .text.mappableFindAddressWithin
                0x001137f0       0x90 /opt/devkitpro/libctru/lib/libctru.a(mappable.o)
 .text.mappableInit
                0x00113880       0x28 /opt/devkitpro/libctru/lib/libctru.a(mappable.o)
                0x00113880                mappableInit
 .text.mappableAlloc
                0x001138a8       0x7c /opt/devkitpro/libctru/lib/libctru.a(mappable.o)
                0x001138a8                mappableAlloc
 .text.mappableFree
                0x00113924        0x4 /opt/devkitpro/libctru/lib/libctru.a(mappable.o)
                0x00113924                mappableFree
 .text.srvPmGetSessionHandle
                0x00113928        0xc /opt/devkitpro/libctru/lib/libctru.a(srvpm.o)
                0x00113928                srvPmGetSessionHandle
 .text.rbtree_node_next
                0x00113934       0x60 /opt/devkitpro/libctru/lib/libctru.a(rbtree_iterator.o)
                0x00113934                rbtree_node_next
 .text.decode_utf16
                0x00113994       0x54 /opt/devkitpro/libctru/lib/libctru.a(decode_utf16.o)
                0x00113994                decode_utf16
 .text.encode_utf16
                0x001139e8       0x54 /opt/devkitpro/libctru/lib/libctru.a(encode_utf16.o)
                0x001139e8                encode_utf16
 .text.encode_utf8
                0x00113a3c       0xe0 /opt/devkitpro/libctru/lib/libctru.a(encode_utf8.o)
                0x00113a3c                encode_utf8
 .text.__appExit
                0x00113b1c       0x30 /opt/devkitpro/libctru/lib/libctru.a(appExit.o)
                0x00113b1c                __appExit
 .text.__appInit
                0x00113b4c       0x30 /opt/devkitpro/libctru/lib/libctru.a(appInit.o)
                0x00113b4c                __appInit
 .text.__libctru_exit
                0x00113b7c       0x90 /opt/devkitpro/libctru/lib/libctru.a(ctru_exit.o)
                0x00113b7c                __libctru_exit
 .text.error_cmp
                0x00113c0c       0x24 /opt/devkitpro/libctru/lib/libctru.a(archive_dev.o)
 .text.archive_translate_error
                0x00113c30       0x50 /opt/devkitpro/libctru/lib/libctru.a(archive_dev.o)
 .text.archive_seek
                0x00113c80       0xc0 /opt/devkitpro/libctru/lib/libctru.a(archive_dev.o)
 .text._archiveInit.part.0
                0x00113d40       0x78 /opt/devkitpro/libctru/lib/libctru.a(archive_dev.o)
 .text.archiveFindDevice.part.0
                0x00113db8      0x110 /opt/devkitpro/libctru/lib/libctru.a(archive_dev.o)
 .text.archive_utf16path
                0x00113ec8      0x298 /opt/devkitpro/libctru/lib/libctru.a(archive_dev.o)
 .text._archiveUnmountDeviceStruct.part.0
                0x00114160       0x98 /opt/devkitpro/libctru/lib/libctru.a(archive_dev.o)
 .text._archiveMountDevice
                0x001141f8      0x178 /opt/devkitpro/libctru/lib/libctru.a(archive_dev.o)
 .text.archive_diropen
                0x00114370       0xf8 /opt/devkitpro/libctru/lib/libctru.a(archive_dev.o)
 .text.archive_fstat
                0x00114468       0xac /opt/devkitpro/libctru/lib/libctru.a(archive_dev.o)
 .text.archive_fsync
                0x00114514       0x74 /opt/devkitpro/libctru/lib/libctru.a(archive_dev.o)
 .text.archive_close
                0x00114588       0x74 /opt/devkitpro/libctru/lib/libctru.a(archive_dev.o)
 .text.archive_dirclose
                0x001145fc       0x78 /opt/devkitpro/libctru/lib/libctru.a(archive_dev.o)
 .text.sdmc_statvfs
                0x00114674       0xec /opt/devkitpro/libctru/lib/libctru.a(archive_dev.o)
 .text.archive_chdir
                0x00114760       0xf8 /opt/devkitpro/libctru/lib/libctru.a(archive_dev.o)
 .text.archive_ftruncate
                0x00114858       0x8c /opt/devkitpro/libctru/lib/libctru.a(archive_dev.o)
 .text.archive_read
                0x001148e4       0xbc /opt/devkitpro/libctru/lib/libctru.a(archive_dev.o)
 .text.archive_unlink
                0x001149a0       0xa8 /opt/devkitpro/libctru/lib/libctru.a(archive_dev.o)
 .text.archive_rmdir
                0x00114a48       0xc0 /opt/devkitpro/libctru/lib/libctru.a(archive_dev.o)
 .text.archive_mkdir
                0x00114b08       0xd8 /opt/devkitpro/libctru/lib/libctru.a(archive_dev.o)
 .text.archive_stat
                0x00114be0      0x1a0 /opt/devkitpro/libctru/lib/libctru.a(archive_dev.o)
 .text.archive_dirnext
                0x00114d80      0x164 /opt/devkitpro/libctru/lib/libctru.a(archive_dev.o)
 .text.archive_write
                0x00114ee4      0x13c /opt/devkitpro/libctru/lib/libctru.a(archive_dev.o)
 .text.archive_open
                0x00115020      0x254 /opt/devkitpro/libctru/lib/libctru.a(archive_dev.o)
 .text.archive_rename
                0x00115274      0x270 /opt/devkitpro/libctru/lib/libctru.a(archive_dev.o)
 .text.archiveMountSdmc
                0x001154e4      0x1c8 /opt/devkitpro/libctru/lib/libctru.a(archive_dev.o)
                0x001154e4                archiveMountSdmc
 .text.archiveUnmountAll
                0x001156ac       0x54 /opt/devkitpro/libctru/lib/libctru.a(archive_dev.o)
                0x001156ac                archiveUnmountAll
 .text.sinf     0x00115700      0x264 /opt/devkitpro/devkitARM/lib/gcc/arm-none-eabi/15.2.0/../../../../arm-none-eabi/lib/armv6k/fpu/libm.a(libm_a-sinf.o)
                0x00115700                sinf
 .text.sqrtf    0x00115964       0x50 /opt/devkitpro/devkitARM/lib/gcc/arm-none-eabi/15.2.0/../../../../arm-none-eabi/lib/armv6k/fpu/libm.a(libm_a-wf_sqrt.o)
                0x00115964                sqrtf
 .text.fmaxf    0x001159b4       0x54 /opt/devkitpro/devkitARM/lib/gcc/arm-none-eabi/15.2.0/../../../../arm-none-eabi/lib/armv6k/fpu/libm.a(libm_a-sf_fmax.o)
                0x001159b4                fmaxf
 .text.with_errnof
                0x00115a08       0x24 /opt/devkitpro/devkitARM/lib/gcc/arm-none-eabi/15.2.0/../../../../arm-none-eabi/lib/armv6k/fpu/libm.a(libm_a-math_errf.o)
 .text.__math_invalidf
                0x00115a2c       0x1c /opt/devkitpro/devkitARM/lib/gcc/arm-none-eabi/15.2.0/../../../../arm-none-eabi/lib/armv6k/fpu/libm.a(libm_a-math_errf.o)
                0x00115a2c                __math_invalidf
 .text.ceilf    0x00115a48       0xc0 /opt/devkitpro/devkitARM/lib/gcc/arm-none-eabi/15.2.0/../../../../arm-none-eabi/lib/armv6k/fpu/libm.a(libm_a-sf_ceil.o)
                0x00115a48                ceilf
 .text.cosf     0x00115b08      0x25c /opt/devkitpro/devkitARM/lib/gcc/arm-none-eabi/15.2.0/../../../../arm-none-eabi/lib/armv6k/fpu/libm.a(libm_a-cosf.o)
                0x00115b08                cosf
 .text.__fpclassifyf
                0x00115d64       0x5c /opt/devkitpro/devkitARM/lib/gcc/arm-none-eabi/15.2.0/../../../../arm-none-eabi/lib/armv6k/fpu/libm.a(libm_a-sf_fpclassify.o)
                0x00115d64                __fpclassifyf
 .text.__ieee754_sqrtf
                0x00115dc0        0x8 /opt/devkitpro/devkitARM/lib/gcc/arm-none-eabi/15.2.0/../../../../arm-none-eabi/lib/armv6k/fpu/libm.a(libm_a-ef_sqrt.o)
                0x00115dc0                __ieee754_sqrtf
 .text.__udivmoddi4
                0x00115dc8      0x130 /opt/devkitpro/devkitARM/lib/gcc/arm-none-eabi/15.2.0/armv6k/fpu/libgcc.a(_udivmoddi4.o)
                0x00115dc8                __udivmoddi4
 .text.strncat  0x00115ef8       0xe4 /opt/devkitpro/devkitARM/lib/gcc/arm-none-eabi/15.2.0/../../../../arm-none-eabi/lib/armv6k/fpu/libg.a(libc_a-strncat.o)
                0x00115ef8                strncat
 .text.srand    0x00115fdc       0x1c /opt/devkitpro/devkitARM/lib/gcc/arm-none-eabi/15.2.0/../../../../arm-none-eabi/lib/armv6k/fpu/libg.a(libc_a-rand.o)
                0x00115fdc                srand
 .text.rand     0x00115ff8       0x44 /opt/devkitpro/devkitARM/lib/gcc/arm-none-eabi/15.2.0/../../../../arm-none-eabi/lib/armv6k/fpu/libg.a(libc_a-rand.o)
                0x00115ff8                rand
 .text.memcpy   0x0011603c      0x128 /opt/devkitpro/devkitARM/lib/gcc/arm-none-eabi/15.2.0/../../../../arm-none-eabi/lib/armv6k/fpu/libg.a(libc_a-memcpy-stub.o)
                0x0011603c                memcpy
 .text.strlen   0x00116164       0x8c /opt/devkitpro/devkitARM/lib/gcc/arm-none-eabi/15.2.0/../../../../arm-none-eabi/lib/armv6k/fpu/libg.a(libc_a-strlen.o)
                0x00116164                strlen
 .text._fread_r
                0x001161f0      0x334 /opt/devkitpro/devkitARM/lib/gcc/arm-none-eabi/15.2.0/../../../../arm-none-eabi/lib/armv6k/fpu/libg.a(libc_a-fread.o)
                0x001161f0                _fread_r
 .text.fread    0x00116524       0x38 /opt/devkitpro/devkitARM/lib/gcc/arm-none-eabi/15.2.0/../../../../arm-none-eabi/lib/armv6k/fpu/libg.a(libc_a-fread.o)
                0x00116524                fread
 .text.bsearch  0x0011655c       0x78 /opt/devkitpro/devkitARM/lib/gcc/arm-none-eabi/15.2.0/../../../../arm-none-eabi/lib/armv6k/fpu/libg.a(libc_a-bsearch.o)
                0x0011655c                bsearch
 .text._fopen_r
                0x001165d4      0x134 /opt/devkitpro/devkitARM/lib/gcc/arm-none-eabi/15.2.0/../../../../arm-none-eabi/lib/armv6k/fpu/libg.a(libc_a-fopen.o)
                0x001165d4                _fopen_r
 .text.fopen    0x00116708       0x28 /opt/devkitpro/devkitARM/lib/gcc/arm-none-eabi/15.2.0/../../../../arm-none-eabi/lib/armv6k/fpu/libg.a(libc_a-fopen.o)
                0x00116708                fopen
 .text.memalign
                0x00116730       0x28 /opt/devkitpro/devkitARM/lib/gcc/arm-none-eabi/15.2.0/../../../../arm-none-eabi/lib/armv6k/fpu/libg.a(libc_a-malign.o)
                0x00116730                memalign
 .text.snprintf
                0x00116758       0xa0 /opt/devkitpro/devkitARM/lib/gcc/arm-none-eabi/15.2.0/../../../../arm-none-eabi/lib/armv6k/fpu/libg.a(libc_a-snprintf.o)
                0x00116758                snprintf
 .text._strtoul_l.isra.0
                0x001167f8      0x1ec /opt/devkitpro/devkitARM/lib/gcc/arm-none-eabi/15.2.0/../../../../arm-none-eabi/lib/armv6k/fpu/libg.a(libc_a-strtoul.o)
 .text._strtoul_r
                0x001169e4       0x38 /opt/devkitpro/devkitARM/lib/gcc/arm-none-eabi/15.2.0/../../../../arm-none-eabi/lib/armv6k/fpu/libg.a(libc_a-strtoul.o)
                0x001169e4                _strtoul_r
 .text.strtoul  0x00116a1c       0x3c /opt/devkitpro/devkitARM/lib/gcc/arm-none-eabi/15.2.0/../../../../arm-none-eabi/lib/armv6k/fpu/libg.a(libc_a-strtoul.o)
                0x00116a1c                strtoul
 .text.strchr   0x00116a58      0x140 /opt/devkitpro/devkitARM/lib/gcc/arm-none-eabi/15.2.0/../../../../arm-none-eabi/lib/armv6k/fpu/libg.a(libc_a-strchr.o)
                0x00116a58                strchr
 .text.calloc   0x00116b98       0x28 /opt/devkitpro/devkitARM/lib/gcc/arm-none-eabi/15.2.0/../../../../arm-none-eabi/lib/armv6k/fpu/libg.a(libc_a-calloc.o)
                0x00116b98                calloc
 .text._memalign_r
                0x00116bc0      0x16c /opt/devkitpro/devkitARM/lib/gcc/arm-none-eabi/15.2.0/../../../../arm-none-eabi/lib/armv6k/fpu/libg.a(libc_a-malignr.o)
                0x00116bc0                _memalign_r
 .text.__errno  0x00116d2c        0xc /opt/devkitpro/devkitARM/lib/gcc/arm-none-eabi/15.2.0/../../../../arm-none-eabi/lib/armv6k/fpu/libg.a(libc_a-errno.o)
                0x00116d2c                __errno
 .text.__smakebuf_r
                0x00116d38      0x164 /opt/devkitpro/devkitARM/lib/gcc/arm-none-eabi/15.2.0/../../../../arm-none-eabi/lib/armv6k/fpu/libg.a(libc_a-makebuf.o)
                0x00116d38                __smakebuf_r
 .text.memset   0x00116e9c       0xe4 /opt/devkitpro/devkitARM/lib/gcc/arm-none-eabi/15.2.0/../../../../arm-none-eabi/lib/armv6k/fpu/libg.a(libc_a-memset.o)
                0x00116e9c                memset
 .text._calloc_r
                0x00116f80       0xd8 /opt/devkitpro/devkitARM/lib/gcc/arm-none-eabi/15.2.0/../../../../arm-none-eabi/lib/armv6k/fpu/libg.a(libc_a-callocr.o)
                0x00116f80                _calloc_r
 .text.__sflush_r
                0x00117058      0x22c /opt/devkitpro/devkitARM/lib/gcc/arm-none-eabi/15.2.0/../../../../arm-none-eabi/lib/armv6k/fpu/libg.a(libc_a-fflush.o)
                0x00117058                __sflush_r
 .text._fflush_r
                0x00117284       0xc4 /opt/devkitpro/devkitARM/lib/gcc/arm-none-eabi/15.2.0/../../../../arm-none-eabi/lib/armv6k/fpu/libg.a(libc_a-fflush.o)
                0x00117284                _fflush_r
 .text._fwrite_r
                0x00117348      0x104 /opt/devkitpro/devkitARM/lib/gcc/arm-none-eabi/15.2.0/../../../../arm-none-eabi/lib/armv6k/fpu/libg.a(libc_a-fwrite.o)
                0x00117348                _fwrite_r
 .text.fwrite   0x0011744c       0x38 /opt/devkitpro/devkitARM/lib/gcc/arm-none-eabi/15.2.0/../../../../arm-none-eabi/lib/armv6k/fpu/libg.a(libc_a-fwrite.o)
                0x0011744c                fwrite
 .text.realloc  0x00117484       0x28 /opt/devkitpro/devkitARM/lib/gcc/arm-none-eabi/15.2.0/../../../../arm-none-eabi/lib/armv6k/fpu/libg.a(libc_a-realloc.o)
                0x00117484                realloc
 .text.qsort    0x001174ac      0x8e8 /opt/devkitpro/devkitARM/lib/gcc/arm-none-eabi/15.2.0/../../../../arm-none-eabi/lib/armv6k/fpu/libg.a(libc_a-qsort.o)
                0x001174ac                qsort
 .text._malloc_r
                0x00117d94      0x82c /opt/devkitpro/devkitARM/lib/gcc/arm-none-eabi/15.2.0/../../../../arm-none-eabi/lib/armv6k/fpu/libg.a(libc_a-mallocr.o)
                0x00117d94                _malloc_r
 .text._malloc_trim_r
                0x001185c0      0x114 /opt/devkitpro/devkitARM/lib/gcc/arm-none-eabi/15.2.0/../../../../arm-none-eabi/lib/armv6k/fpu/libg.a(libc_a-freer.o)
                0x001185c0                _malloc_trim_r
 .text._free_r  0x001186d4      0x314 /opt/devkitpro/devkitARM/lib/gcc/arm-none-eabi/15.2.0/../../../../arm-none-eabi/lib/armv6k/fpu/libg.a(libc_a-freer.o)
                0x001186d4                _free_r
 .text.stdio_exit_handler
                0x001189e8       0x1c /opt/devkitpro/devkitARM/lib/gcc/arm-none-eabi/15.2.0/../../../../arm-none-eabi/lib/armv6k/fpu/libg.a(libc_a-findfp.o)
 .text.cleanup_stdio
                0x00118a04       0x5c /opt/devkitpro/devkitARM/lib/gcc/arm-none-eabi/15.2.0/../../../../arm-none-eabi/lib/armv6k/fpu/libg.a(libc_a-findfp.o)
 .text.global_stdio_init.part.0
                0x00118a60      0x154 /opt/devkitpro/devkitARM/lib/gcc/arm-none-eabi/15.2.0/../../../../arm-none-eabi/lib/armv6k/fpu/libg.a(libc_a-findfp.o)
 .text.__sfp    0x00118bb4      0x138 /opt/devkitpro/devkitARM/lib/gcc/arm-none-eabi/15.2.0/../../../../arm-none-eabi/lib/armv6k/fpu/libg.a(libc_a-findfp.o)
                0x00118bb4                __sfp
 .text.__sinit  0x00118cec       0x5c /opt/devkitpro/devkitARM/lib/gcc/arm-none-eabi/15.2.0/../../../../arm-none-eabi/lib/armv6k/fpu/libg.a(libc_a-findfp.o)
                0x00118cec                __sinit
 .text.__sfp_lock_acquire
                0x00118d48        0xc /opt/devkitpro/devkitARM/lib/gcc/arm-none-eabi/15.2.0/../../../../arm-none-eabi/lib/armv6k/fpu/libg.a(libc_a-findfp.o)
                0x00118d48                __sfp_lock_acquire
 .text.__sfp_lock_release
                0x00118d54        0xc /opt/devkitpro/devkitARM/lib/gcc/arm-none-eabi/15.2.0/../../../../arm-none-eabi/lib/armv6k/fpu/libg.a(libc_a-findfp.o)
                0x00118d54                __sfp_lock_release
 .text.__libc_init_array
                0x00118d60       0x84 /opt/devkitpro/devkitARM/lib/gcc/arm-none-eabi/15.2.0/../../../../arm-none-eabi/lib/armv6k/fpu/libg.a(libc_a-init.o)
                0x00118d60                __libc_init_array
 .text.strncpy  0x00118de4       0xd4 /opt/devkitpro/devkitARM/lib/gcc/arm-none-eabi/15.2.0/../../../../arm-none-eabi/lib/armv6k/fpu/libg.a(libc_a-strncpy.o)
                0x00118de4                strncpy
 .text._fseek_r
                0x00118eb8       0x1c /opt/devkitpro/devkitARM/lib/gcc/arm-none-eabi/15.2.0/../../../../arm-none-eabi/lib/armv6k/fpu/libg.a(libc_a-fseek.o)
                0x00118eb8                _fseek_r
 .text.malloc   0x00118ed4       0x40 /opt/devkitpro/devkitARM/lib/gcc/arm-none-eabi/15.2.0/../../../../arm-none-eabi/lib/armv6k/fpu/libg.a(libc_a-malloc.o)
                0x00118ed4                malloc
 .text.free     0x00118f14       0x20 /opt/devkitpro/devkitARM/lib/gcc/arm-none-eabi/15.2.0/../../../../arm-none-eabi/lib/armv6k/fpu/libg.a(libc_a-malloc.o)
                0x00118f14                free
 .text.__sread  0x00118f34       0x44 /opt/devkitpro/devkitARM/lib/gcc/arm-none-eabi/15.2.0/../../../../arm-none-eabi/lib/armv6k/fpu/libg.a(libc_a-stdio.o)
                0x00118f34                __sread
 .text.__seofread
                0x00118f78        0x8 /opt/devkitpro/devkitARM/lib/gcc/arm-none-eabi/15.2.0/../../../../arm-none-eabi/lib/armv6k/fpu/libg.a(libc_a-stdio.o)
                0x00118f78                __seofread
 .text.__swrite
                0x00118f80       0x68 /opt/devkitpro/devkitARM/lib/gcc/arm-none-eabi/15.2.0/../../../../arm-none-eabi/lib/armv6k/fpu/libg.a(libc_a-stdio.o)
                0x00118f80                __swrite
 .text.__sseek  0x00118fe8       0x40 /opt/devkitpro/devkitARM/lib/gcc/arm-none-eabi/15.2.0/../../../../arm-none-eabi/lib/armv6k/fpu/libg.a(libc_a-stdio.o)
                0x00118fe8                __sseek
 .text.__sclose
                0x00119028        0x8 /opt/devkitpro/devkitARM/lib/gcc/arm-none-eabi/15.2.0/../../../../arm-none-eabi/lib/armv6k/fpu/libg.a(libc_a-stdio.o)
                0x00119028                __sclose
 .text._realloc_r
                0x00119030      0x4f0 /opt/devkitpro/devkitARM/lib/gcc/arm-none-eabi/15.2.0/../../../../arm-none-eabi/lib/armv6k/fpu/libg.a(libc_a-reallocr.o)
                0x00119030                _realloc_r
 .text.localtime
                0x00119520       0x1c /opt/devkitpro/devkitARM/lib/gcc/arm-none-eabi/15.2.0/../../../../arm-none-eabi/lib/armv6k/fpu/libg.a(libc_a-lcltime.o)
                0x00119520                localtime
 .text.__malloc_lock
                0x0011953c        0xc /opt/devkitpro/devkitARM/lib/gcc/arm-none-eabi/15.2.0/../../../../arm-none-eabi/lib/armv6k/fpu/libg.a(libc_a-mlock.o)
                0x0011953c                __malloc_lock
 .text.__malloc_unlock
                0x00119548        0xc /opt/devkitpro/devkitARM/lib/gcc/arm-none-eabi/15.2.0/../../../../arm-none-eabi/lib/armv6k/fpu/libg.a(libc_a-mlock.o)
                0x00119548                __malloc_unlock
 .text._fseeko_r
                0x00119554      0x588 /opt/devkitpro/devkitARM/lib/gcc/arm-none-eabi/15.2.0/../../../../arm-none-eabi/lib/armv6k/fpu/libg.a(libc_a-fseeko.o)
                0x00119554                _fseeko_r
 .text._fclose_r
                0x00119adc      0x148 /opt/devkitpro/devkitARM/lib/gcc/arm-none-eabi/15.2.0/../../../../arm-none-eabi/lib/armv6k/fpu/libg.a(libc_a-fclose.o)
                0x00119adc                _fclose_r
 .text.fclose   0x00119c24       0x20 /opt/devkitpro/devkitARM/lib/gcc/arm-none-eabi/15.2.0/../../../../arm-none-eabi/lib/armv6k/fpu/libg.a(libc_a-fclose.o)
                0x00119c24                fclose
 .text.time     0x00119c44       0x48 /opt/devkitpro/devkitARM/lib/gcc/arm-none-eabi/15.2.0/../../../../arm-none-eabi/lib/armv6k/fpu/libg.a(libc_a-time.o)
                0x00119c44                time
 .text.__call_exitprocs
                0x00119c8c        0x4 /opt/devkitpro/devkitARM/lib/gcc/arm-none-eabi/15.2.0/../../../../arm-none-eabi/lib/armv6k/fpu/libg.a(libc_a-exit.o)
                0x00119c8c                __call_exitprocs
 .text.exit     0x00119c90       0x30 /opt/devkitpro/devkitARM/lib/gcc/arm-none-eabi/15.2.0/../../../../arm-none-eabi/lib/armv6k/fpu/libg.a(libc_a-exit.o)
                0x00119c90                exit
 .text.get_arg  0x00119cc0      0x5e0 /opt/devkitpro/devkitARM/lib/gcc/arm-none-eabi/15.2.0/../../../../arm-none-eabi/lib/armv6k/fpu/libg.a(libc_a-svfprintf.o)
 .text._svfprintf_r
                0x0011a2a0     0x345c /opt/devkitpro/devkitARM/lib/gcc/arm-none-eabi/15.2.0/../../../../arm-none-eabi/lib/armv6k/fpu/libg.a(libc_a-svfprintf.o)
                0x0011a2a0                _svfprintf_r
 .text.__sflags
                0x0011d6fc       0xb8 /opt/devkitpro/devkitARM/lib/gcc/arm-none-eabi/15.2.0/../../../../arm-none-eabi/lib/armv6k/fpu/libg.a(libc_a-flags.o)
                0x0011d6fc                __sflags
 .text.__libc_fini_array
                0x0011d7b4       0x3c /opt/devkitpro/devkitARM/lib/gcc/arm-none-eabi/15.2.0/../../../../arm-none-eabi/lib/armv6k/fpu/libg.a(libc_a-fini.o)
                0x0011d7b4                __libc_fini_array
 .text.strnlen  0x0011d7f0       0x3c /opt/devkitpro/devkitARM/lib/gcc/arm-none-eabi/15.2.0/../../../../arm-none-eabi/lib/armv6k/fpu/libg.a(libc_a-strnlen.o)
                0x0011d7f0                strnlen
 .text.strncmp  0x0011d82c       0xd8 /opt/devkitpro/devkitARM/lib/gcc/arm-none-eabi/15.2.0/../../../../arm-none-eabi/lib/armv6k/fpu/libg.a(libc_a-strncmp.o)
                0x0011d82c                strncmp
 .text.lflush   0x0011d904       0x38 /opt/devkitpro/devkitARM/lib/gcc/arm-none-eabi/15.2.0/../../../../arm-none-eabi/lib/armv6k/fpu/libg.a(libc_a-refill.o)
 .text.__srefill_r
                0x0011d93c      0x1a8 /opt/devkitpro/devkitARM/lib/gcc/arm-none-eabi/15.2.0/../../../../arm-none-eabi/lib/armv6k/fpu/libg.a(libc_a-refill.o)
                0x0011d93c                __srefill_r
 *fill*         0x0011dae4        0x4 
 .text.frexp    0x0011dae8       0x88 /opt/devkitpro/devkitARM/lib/gcc/arm-none-eabi/15.2.0/../../../../arm-none-eabi/lib/armv6k/fpu/libg.a(libm_a-s_frexp.o)
                0x0011dae8                frexp
 .text._fwalk_sglue
                0x0011db70       0x70 /opt/devkitpro/devkitARM/lib/gcc/arm-none-eabi/15.2.0/../../../../arm-none-eabi/lib/armv6k/fpu/libg.a(libc_a-fwalk.o)
                0x0011db70                _fwalk_sglue
 .text._wcrtomb_r
                0x0011dbe0       0xa0 /opt/devkitpro/devkitARM/lib/gcc/arm-none-eabi/15.2.0/../../../../arm-none-eabi/lib/armv6k/fpu/libg.a(libc_a-wcrtomb.o)
                0x0011dbe0                _wcrtomb_r
 .text.__ssprint_r
                0x0011dc80       0xa4 /opt/devkitpro/devkitARM/lib/gcc/arm-none-eabi/15.2.0/../../../../arm-none-eabi/lib/armv6k/fpu/libg.a(libc_a-ssprint_r.o)
                0x0011dc80                __ssprint_r
 .text.__sfvwrite_r
                0x0011dd24      0x4a4 /opt/devkitpro/devkitARM/lib/gcc/arm-none-eabi/15.2.0/../../../../arm-none-eabi/lib/armv6k/fpu/libg.a(libc_a-fvwrite.o)
                0x0011dd24                __sfvwrite_r
 .text.__locale_mb_cur_max
                0x0011e1c8       0x24 /opt/devkitpro/devkitARM/lib/gcc/arm-none-eabi/15.2.0/../../../../arm-none-eabi/lib/armv6k/fpu/libg.a(libc_a-locale.o)
                0x0011e1c8                __locale_mb_cur_max
 .text.localtime_r
                0x0011e1ec      0x35c /opt/devkitpro/devkitARM/lib/gcc/arm-none-eabi/15.2.0/../../../../arm-none-eabi/lib/armv6k/fpu/libg.a(libc_a-lcltime_r.o)
                0x0011e1ec                localtime_r
 .text.__tzcalc_limits
                0x0011e548      0x258 /opt/devkitpro/devkitARM/lib/gcc/arm-none-eabi/15.2.0/../../../../arm-none-eabi/lib/armv6k/fpu/libg.a(libc_a-tzcalc_limits.o)
                0x0011e548                __tzcalc_limits
 .text.quorem   0x0011e7a0      0x1c0 /opt/devkitpro/devkitARM/lib/gcc/arm-none-eabi/15.2.0/../../../../arm-none-eabi/lib/armv6k/fpu/libg.a(libc_a-dtoa.o)
 .text._dtoa_r  0x0011e960     0x1420 /opt/devkitpro/devkitARM/lib/gcc/arm-none-eabi/15.2.0/../../../../arm-none-eabi/lib/armv6k/fpu/libg.a(libc_a-dtoa.o)
                0x0011e960                _dtoa_r
 .text._strtol_l.part.0
                0x0011fd80      0x384 /opt/devkitpro/devkitARM/lib/gcc/arm-none-eabi/15.2.0/../../../../arm-none-eabi/lib/armv6k/fpu/libg.a(libc_a-strtol.o)
 .text._strtol_r
                0x00120104       0x6c /opt/devkitpro/devkitARM/lib/gcc/arm-none-eabi/15.2.0/../../../../arm-none-eabi/lib/armv6k/fpu/libg.a(libc_a-strtol.o)
                0x00120104                _strtol_r
 .text._tzset_unlocked
                0x00120170       0x10 /opt/devkitpro/devkitARM/lib/gcc/arm-none-eabi/15.2.0/../../../../arm-none-eabi/lib/armv6k/fpu/libg.a(libc_a-tzset.o)
                0x00120170                _tzset_unlocked
 .text.memchr   0x00120180       0xe8 /opt/devkitpro/devkitARM/lib/gcc/arm-none-eabi/15.2.0/../../../../arm-none-eabi/lib/armv6k/fpu/libg.a(libc_a-memchr-stub.o)
                0x00120180                memchr
 .text._wcsrtombs_r
                0x00120268       0x28 /opt/devkitpro/devkitARM/lib/gcc/arm-none-eabi/15.2.0/../../../../arm-none-eabi/lib/armv6k/fpu/libg.a(libc_a-wcsrtombs.o)
                0x00120268                _wcsrtombs_r
 .text.__swsetup_r
                0x00120290      0x140 /opt/devkitpro/devkitARM/lib/gcc/arm-none-eabi/15.2.0/../../../../arm-none-eabi/lib/armv6k/fpu/libg.a(libc_a-wsetup.o)
                0x00120290                __swsetup_r
 .text.__gettzinfo
                0x001203d0        0xc /opt/devkitpro/devkitARM/lib/gcc/arm-none-eabi/15.2.0/../../../../arm-none-eabi/lib/armv6k/fpu/libg.a(libc_a-gettzinfo.o)
                0x001203d0                __gettzinfo
 .text._findenv_r
                0x001203dc       0xdc /opt/devkitpro/devkitARM/lib/gcc/arm-none-eabi/15.2.0/../../../../arm-none-eabi/lib/armv6k/fpu/libg.a(libc_a-getenv_r.o)
                0x001203dc                _findenv_r
 .text._getenv_r
                0x001204b8       0x18 /opt/devkitpro/devkitARM/lib/gcc/arm-none-eabi/15.2.0/../../../../arm-none-eabi/lib/armv6k/fpu/libg.a(libc_a-getenv_r.o)
                0x001204b8                _getenv_r
 .text._localeconv_r
                0x001204d0       0x24 /opt/devkitpro/devkitARM/lib/gcc/arm-none-eabi/15.2.0/../../../../arm-none-eabi/lib/armv6k/fpu/libg.a(libc_a-localeconv.o)
                0x001204d0                _localeconv_r
 .text.memmove  0x001204f4      0x1a8 /opt/devkitpro/devkitARM/lib/gcc/arm-none-eabi/15.2.0/../../../../arm-none-eabi/lib/armv6k/fpu/libg.a(libc_a-memmove.o)
                0x001204f4                memmove
 .text.__ssputs_r
                0x0012069c      0x12c /opt/devkitpro/devkitARM/lib/gcc/arm-none-eabi/15.2.0/../../../../arm-none-eabi/lib/armv6k/fpu/libg.a(libc_a-ssputs_r.o)
                0x0012069c                __ssputs_r
 .text.__utf8_wctomb
                0x001207c8       0xf8 /opt/devkitpro/devkitARM/lib/gcc/arm-none-eabi/15.2.0/../../../../arm-none-eabi/lib/armv6k/fpu/libg.a(libc_a-wctomb_r.o)
                0x001207c8                __utf8_wctomb
 .text.gmtime_r
                0x001208c0      0x25c /opt/devkitpro/devkitARM/lib/gcc/arm-none-eabi/15.2.0/../../../../arm-none-eabi/lib/armv6k/fpu/libg.a(libc_a-gmtime_r.o)
                0x001208c0                gmtime_r
 .text._tzset_unlocked_r
                0x00120b1c      0x648 /opt/devkitpro/devkitARM/lib/gcc/arm-none-eabi/15.2.0/../../../../arm-none-eabi/lib/armv6k/fpu/libg.a(libc_a-tzset_r.o)
                0x00120b1c                _tzset_unlocked_r
 .text._wcsnrtombs_l
                0x00121164      0x15c /opt/devkitpro/devkitARM/lib/gcc/arm-none-eabi/15.2.0/../../../../arm-none-eabi/lib/armv6k/fpu/libg.a(libc_a-wcsnrtombs.o)
                0x00121164                _wcsnrtombs_l
 .text._wcsnrtombs_r
                0x001212c0       0x64 /opt/devkitpro/devkitARM/lib/gcc/arm-none-eabi/15.2.0/../../../../arm-none-eabi/lib/armv6k/fpu/libg.a(libc_a-wcsnrtombs.o)
                0x001212c0                _wcsnrtombs_r
 .text.__env_lock
                0x00121324        0xc /opt/devkitpro/devkitARM/lib/gcc/arm-none-eabi/15.2.0/../../../../arm-none-eabi/lib/armv6k/fpu/libg.a(libc_a-envlock.o)
                0x00121324                __env_lock
 .text.__env_unlock
                0x00121330        0xc /opt/devkitpro/devkitARM/lib/gcc/arm-none-eabi/15.2.0/../../../../arm-none-eabi/lib/armv6k/fpu/libg.a(libc_a-envlock.o)
                0x00121330                __env_unlock
 .text.__assert_func
                0x0012133c       0x5c /opt/devkitpro/devkitARM/lib/gcc/arm-none-eabi/15.2.0/../../../../arm-none-eabi/lib/armv6k/fpu/libg.a(libc_a-assert.o)
                0x0012133c                __assert_func
 .text._Balloc  0x00121398       0x88 /opt/devkitpro/devkitARM/lib/gcc/arm-none-eabi/15.2.0/../../../../arm-none-eabi/lib/armv6k/fpu/libg.a(libc_a-mprec.o)
                0x00121398                _Balloc
 .text._Bfree   0x00121420       0x1c /opt/devkitpro/devkitARM/lib/gcc/arm-none-eabi/15.2.0/../../../../arm-none-eabi/lib/armv6k/fpu/libg.a(libc_a-mprec.o)
                0x00121420                _Bfree
 .text.__multadd
                0x0012143c       0xf4 /opt/devkitpro/devkitARM/lib/gcc/arm-none-eabi/15.2.0/../../../../arm-none-eabi/lib/armv6k/fpu/libg.a(libc_a-mprec.o)
                0x0012143c                __multadd
 .text.__hi0bits
                0x00121530       0x80 /opt/devkitpro/devkitARM/lib/gcc/arm-none-eabi/15.2.0/../../../../arm-none-eabi/lib/armv6k/fpu/libg.a(libc_a-mprec.o)
                0x00121530                __hi0bits
 .text.__lo0bits
                0x001215b0       0xf0 /opt/devkitpro/devkitARM/lib/gcc/arm-none-eabi/15.2.0/../../../../arm-none-eabi/lib/armv6k/fpu/libg.a(libc_a-mprec.o)
                0x001215b0                __lo0bits
 .text.__i2b    0x001216a0       0xa4 /opt/devkitpro/devkitARM/lib/gcc/arm-none-eabi/15.2.0/../../../../arm-none-eabi/lib/armv6k/fpu/libg.a(libc_a-mprec.o)
                0x001216a0                __i2b
 .text.__multiply
                0x00121744      0x230 /opt/devkitpro/devkitARM/lib/gcc/arm-none-eabi/15.2.0/../../../../arm-none-eabi/lib/armv6k/fpu/libg.a(libc_a-mprec.o)
                0x00121744                __multiply
 .text.__pow5mult
                0x00121974      0x130 /opt/devkitpro/devkitARM/lib/gcc/arm-none-eabi/15.2.0/../../../../arm-none-eabi/lib/armv6k/fpu/libg.a(libc_a-mprec.o)
                0x00121974                __pow5mult
 .text.__lshift
                0x00121aa4      0x138 /opt/devkitpro/devkitARM/lib/gcc/arm-none-eabi/15.2.0/../../../../arm-none-eabi/lib/armv6k/fpu/libg.a(libc_a-mprec.o)
                0x00121aa4                __lshift
 .text.__mcmp   0x00121bdc       0x58 /opt/devkitpro/devkitARM/lib/gcc/arm-none-eabi/15.2.0/../../../../arm-none-eabi/lib/armv6k/fpu/libg.a(libc_a-mprec.o)
                0x00121bdc                __mcmp
 .text.__mdiff  0x00121c34      0x218 /opt/devkitpro/devkitARM/lib/gcc/arm-none-eabi/15.2.0/../../../../arm-none-eabi/lib/armv6k/fpu/libg.a(libc_a-mprec.o)
                0x00121c34                __mdiff
 .text.__d2b    0x00121e4c      0x120 /opt/devkitpro/devkitARM/lib/gcc/arm-none-eabi/15.2.0/../../../../arm-none-eabi/lib/armv6k/fpu/libg.a(libc_a-mprec.o)
                0x00121e4c                __d2b
 .text.__utf8_mbtowc
                0x00121f6c      0x340 /opt/devkitpro/devkitARM/lib/gcc/arm-none-eabi/15.2.0/../../../../arm-none-eabi/lib/armv6k/fpu/libg.a(libc_a-mbtowc_r.o)
                0x00121f6c                __utf8_mbtowc
 .text.fiprintf
                0x001222ac       0x3c /opt/devkitpro/devkitARM/lib/gcc/arm-none-eabi/15.2.0/../../../../arm-none-eabi/lib/armv6k/fpu/libg.a(libc_a-fiprintf.o)
                0x001222ac                fiprintf
 .text.__tz_lock
                0x001222e8        0xc /opt/devkitpro/devkitARM/lib/gcc/arm-none-eabi/15.2.0/../../../../arm-none-eabi/lib/armv6k/fpu/libg.a(libc_a-tzlock.o)
                0x001222e8                __tz_lock
 .text.__tz_unlock
                0x001222f4        0xc /opt/devkitpro/devkitARM/lib/gcc/arm-none-eabi/15.2.0/../../../../arm-none-eabi/lib/armv6k/fpu/libg.a(libc_a-tzlock.o)
                0x001222f4                __tz_unlock
 .text.abort    0x00122300       0x14 /opt/devkitpro/devkitARM/lib/gcc/arm-none-eabi/15.2.0/../../../../arm-none-eabi/lib/armv6k/fpu/libg.a(libc_a-abort.o)
                0x00122300                abort
 .text.strcpy   0x00122314       0xf0 /opt/devkitpro/devkitARM/lib/gcc/arm-none-eabi/15.2.0/../../../../arm-none-eabi/lib/armv6k/fpu/libg.a(libc_a-strcpy.o)
                0x00122314                strcpy
 .text.siscanf  0x00122404       0x78 /opt/devkitpro/devkitARM/lib/gcc/arm-none-eabi/15.2.0/../../../../arm-none-eabi/lib/armv6k/fpu/libg.a(libc_a-siscanf.o)
                0x00122404                siscanf
 .text.get_arg  0x0012247c      0x5e0 /opt/devkitpro/devkitARM/lib/gcc/arm-none-eabi/15.2.0/../../../../arm-none-eabi/lib/armv6k/fpu/libg.a(libc_a-vfiprintf.o)
 .text._vfiprintf_r
                0x00122a5c     0x22f8 /opt/devkitpro/devkitARM/lib/gcc/arm-none-eabi/15.2.0/../../../../arm-none-eabi/lib/armv6k/fpu/libg.a(libc_a-vfiprintf.o)
                0x00122a5c                _vfiprintf_r
 .text.__sbprintf
                0x00124d54       0xb4 /opt/devkitpro/devkitARM/lib/gcc/arm-none-eabi/15.2.0/../../../../arm-none-eabi/lib/armv6k/fpu/libg.a(libc_a-vfiprintf.o)
 .text._raise_r
                0x00124e08       0x9c /opt/devkitpro/devkitARM/lib/gcc/arm-none-eabi/15.2.0/../../../../arm-none-eabi/lib/armv6k/fpu/libg.a(libc_a-signal.o)
                0x00124e08                _raise_r
 .text.raise    0x00124ea4       0x20 /opt/devkitpro/devkitARM/lib/gcc/arm-none-eabi/15.2.0/../../../../arm-none-eabi/lib/armv6k/fpu/libg.a(libc_a-signal.o)
                0x00124ea4                raise
 .text.__sprint_r
                0x00124ec4       0x30 /opt/devkitpro/devkitARM/lib/gcc/arm-none-eabi/15.2.0/../../../../arm-none-eabi/lib/armv6k/fpu/libg.a(libc_a-sprint_r.o)
                0x00124ec4                __sprint_r
 .text.get_arg  0x00124ef4       0x50 /opt/devkitpro/devkitARM/lib/gcc/arm-none-eabi/15.2.0/../../../../arm-none-eabi/lib/armv6k/fpu/libg.a(libc_a-svfiscanf.o)
 .text._sungetc_r
                0x00124f44       0xe4 /opt/devkitpro/devkitARM/lib/gcc/arm-none-eabi/15.2.0/../../../../arm-none-eabi/lib/armv6k/fpu/libg.a(libc_a-svfiscanf.o)
                0x00124f44                _sungetc_r
 .text.__ssrefill_r
                0x00125028       0x6c /opt/devkitpro/devkitARM/lib/gcc/arm-none-eabi/15.2.0/../../../../arm-none-eabi/lib/armv6k/fpu/libg.a(libc_a-svfiscanf.o)
                0x00125028                __ssrefill_r
 .text._sfread_r
                0x00125094       0xb4 /opt/devkitpro/devkitARM/lib/gcc/arm-none-eabi/15.2.0/../../../../arm-none-eabi/lib/armv6k/fpu/libg.a(libc_a-svfiscanf.o)
                0x00125094                _sfread_r
 .text.__ssvfiscanf_r
                0x00125148     0x22c4 /opt/devkitpro/devkitARM/lib/gcc/arm-none-eabi/15.2.0/../../../../arm-none-eabi/lib/armv6k/fpu/libg.a(libc_a-svfiscanf.o)
                0x00125148                __ssvfiscanf_r
 .text.iswspace
                0x0012740c        0x8 /opt/devkitpro/devkitARM/lib/gcc/arm-none-eabi/15.2.0/../../../../arm-none-eabi/lib/armv6k/fpu/libg.a(libc_a-iswspace.o)
                0x0012740c                iswspace
 .text._strtoull_l.isra.0
                0x00127414      0x264 /opt/devkitpro/devkitARM/lib/gcc/arm-none-eabi/15.2.0/../../../../arm-none-eabi/lib/armv6k/fpu/libg.a(libc_a-strtoull.o)
 .text._strtoull_r
                0x00127678       0x38 /opt/devkitpro/devkitARM/lib/gcc/arm-none-eabi/15.2.0/../../../../arm-none-eabi/lib/armv6k/fpu/libg.a(libc_a-strtoull.o)
                0x00127678                _strtoull_r
 .text.__submore
                0x001276b0       0xb8 /opt/devkitpro/devkitARM/lib/gcc/arm-none-eabi/15.2.0/../../../../arm-none-eabi/lib/armv6k/fpu/libg.a(libc_a-ungetc.o)
                0x001276b0                __submore
 .text._mbrtowc_r
                0x00127768       0xc4 /opt/devkitpro/devkitARM/lib/gcc/arm-none-eabi/15.2.0/../../../../arm-none-eabi/lib/armv6k/fpu/libg.a(libc_a-mbrtowc.o)
                0x00127768                _mbrtowc_r
 .text.__sccl   0x0012782c       0xf8 /opt/devkitpro/devkitARM/lib/gcc/arm-none-eabi/15.2.0/../../../../arm-none-eabi/lib/armv6k/fpu/libg.a(libc_a-sccl.o)
                0x0012782c                __sccl
 .text._strtoll_l.isra.0
                0x00127924      0x47c /opt/devkitpro/devkitARM/lib/gcc/arm-none-eabi/15.2.0/../../../../arm-none-eabi/lib/armv6k/fpu/libg.a(libc_a-strtoll.o)
 .text._strtoll_r
                0x00127da0       0x38 /opt/devkitpro/devkitARM/lib/gcc/arm-none-eabi/15.2.0/../../../../arm-none-eabi/lib/armv6k/fpu/libg.a(libc_a-strtoll.o)
                0x00127da0                _strtoll_r
 .text.iswspace_l
                0x00127dd8       0x38 /opt/devkitpro/devkitARM/lib/gcc/arm-none-eabi/15.2.0/../../../../arm-none-eabi/lib/armv6k/fpu/libg.a(libc_a-iswspace_l.o)
                0x00127dd8                iswspace_l
 .text.category
                0x00127e10       0x90 /opt/devkitpro/devkitARM/lib/gcc/arm-none-eabi/15.2.0/../../../../arm-none-eabi/lib/armv6k/fpu/libg.a(libc_a-categories.o)
                0x00127e10                category
 .text._exit    0x00127ea0       0x20 /opt/devkitpro/devkitARM/lib/gcc/arm-none-eabi/15.2.0/../../../../arm-none-eabi/lib/armv6k/fpu/libsysbase.a(libsysbase_libsysbase_a-_exit.o)
                0x00127ea0                _exit
 .text.chdir    0x00127ec0      0x140 /opt/devkitpro/devkitARM/lib/gcc/arm-none-eabi/15.2.0/../../../../arm-none-eabi/lib/armv6k/fpu/libsysbase.a(libsysbase_libsysbase_a-chdir.o)
                0x00127ec0                chdir
 .text._concatenate_path
                0x00128000      0x1c8 /opt/devkitpro/devkitARM/lib/gcc/arm-none-eabi/15.2.0/../../../../arm-none-eabi/lib/armv6k/fpu/libsysbase.a(libsysbase_libsysbase_a-concatenate.o)
                0x00128000                _concatenate_path
 .text._fstat_r
                0x001281c8       0x9c /opt/devkitpro/devkitARM/lib/gcc/arm-none-eabi/15.2.0/../../../../arm-none-eabi/lib/armv6k/fpu/libsysbase.a(libsysbase_libsysbase_a-fstat.o)
                0x001281c8                _fstat_r
 .text._getpid_r
                0x00128264       0x14 /opt/devkitpro/devkitARM/lib/gcc/arm-none-eabi/15.2.0/../../../../arm-none-eabi/lib/armv6k/fpu/libsysbase.a(libsysbase_libsysbase_a-getpid.o)
                0x00128264                _getpid_r
 .text.__getreent
                0x00128278       0x2c /opt/devkitpro/devkitARM/lib/gcc/arm-none-eabi/15.2.0/../../../../arm-none-eabi/lib/armv6k/fpu/libsysbase.a(libsysbase_libsysbase_a-getreent.o)
                0x00128278                __getreent
 .text._gettimeofday_r
                0x001282a4       0x30 /opt/devkitpro/devkitARM/lib/gcc/arm-none-eabi/15.2.0/../../../../arm-none-eabi/lib/armv6k/fpu/libsysbase.a(libsysbase_libsysbase_a-gettod.o)
                0x001282a4                _gettimeofday_r
 .text.__release_handle
                0x001282d4       0xa0 /opt/devkitpro/devkitARM/lib/gcc/arm-none-eabi/15.2.0/../../../../arm-none-eabi/lib/armv6k/fpu/libsysbase.a(libsysbase_libsysbase_a-handle_manager.o)
                0x001282d4                __release_handle
 .text.__alloc_handle
                0x00128374       0xb0 /opt/devkitpro/devkitARM/lib/gcc/arm-none-eabi/15.2.0/../../../../arm-none-eabi/lib/armv6k/fpu/libsysbase.a(libsysbase_libsysbase_a-handle_manager.o)
                0x00128374                __alloc_handle
 .text.__get_handle
                0x00128424       0x58 /opt/devkitpro/devkitARM/lib/gcc/arm-none-eabi/15.2.0/../../../../arm-none-eabi/lib/armv6k/fpu/libsysbase.a(libsysbase_libsysbase_a-handle_manager.o)
                0x00128424                __get_handle
 .text._close_r
                0x0012847c      0x110 /opt/devkitpro/devkitARM/lib/gcc/arm-none-eabi/15.2.0/../../../../arm-none-eabi/lib/armv6k/fpu/libsysbase.a(libsysbase_libsysbase_a-handle_manager.o)
                0x0012847c                _close_r
 .text.null_write